--------- beginning of main
05-11 23:00:24.560 25387 25387 I MotoDisplay: isPulseAllowed - warm up complete: true
05-11 23:00:24.626 27813 27813 I BgTaskExecutorImpl: Starting EXCLUSIVE background task FETCH_CONFIGS_FROM_PHENOTYPE.
05-11 23:00:24.678 25387 25387 I MotoDisplay: Setting display to doze
05-11 23:00:24.680   550   550 D SurfaceFlinger: Set power mode=1, type=0 flinger=0xafdb7000
--------- beginning of system
05-11 23:00:24.682  2413  2645 I DisplayManagerService: Display device changed state: "Pantalla integrada", DOZE
05-11 23:00:24.691  2413  2939 I InputReader: Reconfiguring input devices.  changes=0x00000004
05-11 23:00:24.697  3184  3221 D DozeHostService: pulseWhileDozing reason: 1
05-11 23:00:24.708   518   518 I DisplayPanel: setMode: panel mode = POWER_SAVING
05-11 23:00:24.708   518   518 I DisplayPanel: setParam: HBM = 0
05-11 23:00:24.709   518   518 I DisplayPanel: setParam: CABC = MV
05-11 23:00:24.709   508 12267 I SDM     : DisplayBase::SetDisplayState: Set state = 2, display 0
05-11 23:00:24.714   501  1133 D NativeSensors: CapSensor:  mPendingEvent.distance=1.000000
05-11 23:00:24.758  3184  3184 D StatusBar: DozeServiceHost: pulseWhileDozing - reason: 1
05-11 23:00:24.942  5771  5771 W ChimeraUtils: Non Chimera context
05-11 23:00:24.942  5771  5771 W ChimeraUtils: Non Chimera context
05-11 23:00:25.046  2413  3134 D SurfaceControl: Excessive delay in setPowerMode(): 366ms
05-11 23:00:25.070   550   550 D SurfaceFlinger: Backpressure trigger, skipping transaction & refresh!
05-11 23:00:25.235  2413  2433 I zygote  : Background concurrent copying GC freed 64386(3MB) AllocSpace objects, 15(296KB) LOS objects, 42% free, 22MB/39MB, paused 555us total 287.608ms
05-11 23:00:25.281   501  1133 D NativeSensors: CapSensor:  mPendingEvent.distance=0.000000
05-11 23:00:25.284 27813 28057 I ModelDownloadListener: Schdedule model download
05-11 23:00:25.291 27813 27813 I BgTaskExecutorImpl: Starting EXCLUSIVE background task UPDATE_HOTWORD_MODELS.
05-11 23:00:25.298 27813 28085 I ModelDownloadController: requestHotwordModelUpdate modelType-OK_GOOGLE modelLocale-es-US
05-11 23:00:25.300 27813 28085 I ModelDownloadController: We already downloaded model from given location.
05-11 23:00:25.300 27813 28085 I ModelDownloadController: Handle the downloaded hotword model
05-11 23:00:25.300 27813 28085 I ModelDownloadController: the model is already used
05-11 23:00:25.300 27813 28085 I ModelDownloadController: Model download failed
05-11 23:00:25.300 27813 28057 I EngineIdGenerator: Refusing EXCLUSIVE task INTERNAL_PERIODIC_TASK_SYNC, it is already pending. Try again in 348 seconds.
05-11 23:00:25.302 27813 27995 W SearchServiceCore: Abort, client detached.
05-11 23:00:25.302 27813 27995 I chatty  : uid=10068(u0_a68) EventBus0 identical 1 line
05-11 23:00:25.302 27813 27995 W SearchServiceCore: Abort, client detached.
05-11 23:00:25.303 27813 28057 I OpaEligibilityChecker: send OpaEligibilityChange broadcast to CommonBroadcastReceiver
05-11 23:00:25.323 27813 27818 I zygote  : Do full code cache collection, code=366KB, data=224KB
05-11 23:00:25.326 27813 27818 I zygote  : After code cache collection, code=282KB, data=162KB
05-11 23:00:25.350  3960 27873 I Icing   : IndexChimeraService.getServiceInterface callingPackage=com.google.android.googlequicksearchbox componentName=agsa_icing_connection serviceId=SEARCH_QUERIES
05-11 23:00:25.355  3960  9911 I Icing   : IndexChimeraService.getServiceInterface callingPackage=com.google.android.googlequicksearchbox componentName=agsa_icing_connection serviceId=GLOBAL_SEARCH_ADMIN
05-11 23:00:25.380  3960 25142 I Icing   : Usage reports ok 0, Failed Usage reports 0, indexed 0, rejected 0, imm upload true
05-11 23:00:25.390  3960 25142 I Icing   : Usage reports ok 0, Failed Usage reports 0, indexed 0, rejected 0, imm upload true
05-11 23:00:25.512 27813 27995 W SearchServiceCore: Abort, client detached.
05-11 23:00:25.512 27813 27995 I chatty  : uid=10068(u0_a68) EventBus0 identical 1 line
05-11 23:00:25.513 27813 27995 W SearchServiceCore: Abort, client detached.
05-11 23:00:25.549   501  1133 D NativeSensors: CapSensor:  mPendingEvent.distance=1.000000
05-11 23:00:25.668   501  1133 D NativeSensors: CapSensor:  mPendingEvent.distance=2.000000
05-11 23:00:25.682  3612 27419 W ctxmgr  : [WorkManager]Long workInfo: pkg=com.google.android.gms, lbl=EvaluateFences, start=2019-05-11 23:00:22.755-0500, stop=2019-05-11 23:00:25.682-0500, durtn=2927ms [CONTEXT service_id=47 ]
05-11 23:00:25.806   501   754 W qti_sensors_hal: processReportInd: lux: 41, ch0: 41, ch1: 1290
05-11 23:00:25.820   550   817 I SFPerfTracer:      triggers: (rate: 0:0) (48481 sw vsyncs) (0 skipped) (0:1153071 vsyncs) (89:1367296)
05-11 23:00:25.850  2413  8216 I ActivityManager: Start proc 28262:com.google.android.apps.tachyon/u10a83 for broadcast com.google.android.apps.tachyon/.phenotype.PhenotypeBroadcastReceiver
05-11 23:00:25.852 28064 28064 I BgTaskExecutorImpl: Starting EXCLUSIVE background task FETCH_CONFIGS_FROM_PHENOTYPE.
05-11 23:00:25.897  2150 25352 D ETS_TZ_CLIENT: ets ,send modified cmd: start
05-11 23:00:25.897  2150 28276 I FingerprintHal: [fingerprint.c] [do_event_status:350] WAKE_LOCK 
05-11 23:00:25.922  2150 25352 D ETS_TZ_CLIENT: ets ,send modified cmd: start
05-11 23:00:25.930  2150 28277 I FingerprintHal: [fingerprint.c] [do_event_status:360] CAPTURE_FINGER_DETECTED 
05-11 23:00:26.005 28262 28262 W ResourceType: ResTable_typeSpec entry count inconsistent: given 753, previously 755
05-11 23:00:26.005 28262 28262 W ResourceType: ResTable_typeSpec entry count inconsistent: given 487, previously 492
05-11 23:00:26.006 28262 28262 W ResourceType: ResTable_typeSpec entry count inconsistent: given 335, previously 1259
05-11 23:00:26.006 28262 28262 W ResourceType: ResTable_typeSpec entry count inconsistent: given 219, previously 1037
05-11 23:00:26.025   501  1133 D NativeSensors: CapSensor:  mPendingEvent.distance=1.000000
05-11 23:00:26.047  2150 25352 D ETS_TZ_CLIENT: ets ,send modified cmd: start
05-11 23:00:26.047  2150 28280 I FingerprintHal: [fingerprint.c] [do_event_status:371] CAPTURE_FINISH 
05-11 23:00:26.063  3184  3184 I FingerprintController: fingerprint acquired, grabbing fp wakelock
05-11 23:00:26.116  2150 25352 I ETS-MAIN: [main_control.c] [do_verify:646] main-control MODE_IGNORE_FINGER_OFF 
05-11 23:00:26.116  2150 25352 D ETS_TZ_CLIENT: ets ,send modified cmd: start
05-11 23:00:26.118  2150 25352 D ETS_TZ_CLIENT: ets ,send modified cmd: start
05-11 23:00:26.120  2413  3124 V FingerprintService: onAuthenticated, deviceId = 2993770928 fingerId = 0 groupId = 0
05-11 23:00:26.120  2150 25352 D ETS_TZ_CLIENT: ets ,send modified cmd buffer: start
05-11 23:00:26.121  2413  2413 V FingerprintService: handleAuthenticated
05-11 23:00:26.123  3184  3184 I FingerprintController: releasing fp wakelock
05-11 23:00:26.128  2150 28283 I FingerprintHal: [fingerprint.c] [do_event_status:487] VERIFY_FINISH 
05-11 23:00:26.128  2150 28283 I FingerprintHal: [fingerprint.c] [authenticate_finger:626] start authenticate_finger 
05-11 23:00:26.128  2150 28283 I ETS-MAIN: [egistec_fp_api.c] [efp_verify_finger:269] [efp_verify_finger] enter 
05-11 23:00:26.128  2150 28283 I ETS-MAIN: [egistec_fp_api.c] [efp_verify_finger:271] [efp_verify_finger] return = 0 
05-11 23:00:26.129  2150 28284 D ETS_TZ_CLIENT: ets ,send modified cmd: start
05-11 23:00:26.170  3184  3184 D StatusBar: DozeServiceHost: notifyFpsHelp
05-11 23:00:26.176 25387 25387 I MotoDisplay: pulse - trigger: Type: FINGERPRINT_EVENT is pulsing: true is paused: false
05-11 23:00:26.176 25387 25387 I MotoDisplay: Acquiring wakelock MotoDisplayWakeLock for 500
05-11 23:00:26.179 25387 25387 I MotoDisplay: isPulseAllowed - warm up complete: true
05-11 23:00:26.208 28262 28262 W PrimesInit: Primes instant initialization
05-11 23:00:26.214 28262 28262 I org.webrtc.Logging: NativeLibrary: Loading native library: jingle_peerconnection_so
05-11 23:00:26.267 28262 28289 W Primes  : background initialization
05-11 23:00:26.293   501  1133 D NativeSensors: CapSensor:  mPendingEvent.distance=2.000000
05-11 23:00:26.354   501   754 W qti_sensors_hal: processReportInd: lux: 5, ch0: 58, ch1: 229
05-11 23:00:26.378 28262 28289 I PrimesTesting: GserviceFlagsSupplier.get()
05-11 23:00:26.414 28262 28289 W ResourceType: For resource 0x7f13036a, entry index(874) is beyond type entryCount(335)
05-11 23:00:26.432 28262 28262 I OpenCV  : cpufeatures library is not avaialble for CPU detection
05-11 23:00:26.432 28262 28262 I OpenCV  : - NEON instructions is enabled via build flags
05-11 23:00:26.432 28262 28262 I OpenCV  : - FP16 instructions is enabled via build flags
05-11 23:00:26.492 28064 28100 I zygote  : Deoptimizing java.util.List com.google.protobuf.df.a(java.lang.Object, long) due to JIT inline cache
05-11 23:00:26.495 28262 28262 I org.webrtc.Logging: PeerConnectionFactory: PeerConnectionFactory was initialized without an injected Loggable. Any existing Loggable will be deleted.
05-11 23:00:26.497  2150 28284 D ETS_TZ_CLIENT: ets ,send modified cmd: start
05-11 23:00:26.540  2150 28298 I FingerprintHal: [fingerprint.c] [do_event_status:355] WAKE_UNLOCK 
05-11 23:00:26.540  2150 28297 I FingerprintHal: [fingerprint.c] [do_event_status:346] CAPTURE_WAIT_FINGER_ON 
05-11 23:00:26.543 28064 28100 I zygote  : Deoptimizing void com.google.protobuf.an.b(int, int) due to JIT inline cache
05-11 23:00:26.547 28064 28100 I zygote  : Deoptimizing void com.google.protobuf.eo.h(int, java.util.List, com.google.protobuf.gc, boolean) due to JIT inline cache
05-11 23:00:26.566 28064 28102 I ModelDownloadListener: Schdedule model download
05-11 23:00:26.578 28064 28064 I BgTaskExecutorImpl: Starting EXCLUSIVE background task UPDATE_HOTWORD_MODELS.
05-11 23:00:26.585 28064 28095 I ModelDownloadController: requestHotwordModelUpdate modelType-OK_GOOGLE modelLocale-es-US
05-11 23:00:26.605 28262 28296 W ResourceType: For resource 0x7f130195, entry index(405) is beyond type entryCount(335)
05-11 23:00:26.614 28262 28296 I FA      : App measurement is starting up, version: 16200
05-11 23:00:26.614 28262 28296 I FA      : To enable debug logging run: adb shell setprop log.tag.FA VERBOSE
05-11 23:00:26.614 28262 28296 I FA      : To enable faster debug mode event logging run:
05-11 23:00:26.614 28262 28296 I FA      :   adb shell setprop debug.firebase.analytics.app com.google.android.apps.tachyon
05-11 23:00:26.614 28064 28095 I ModelDownloadController: We already downloaded model from given location.
05-11 23:00:26.614 28064 28095 I ModelDownloadController: Handle the downloaded hotword model
05-11 23:00:26.614 28064 28095 I ModelDownloadController: the model is already used
05-11 23:00:26.614 28064 28095 I ModelDownloadController: Model download failed
05-11 23:00:26.617 28064 28169 W SearchServiceCore: Abort, client detached.
05-11 23:00:26.617 28064 28169 W SearchServiceCore: Abort, client detached.
05-11 23:00:26.620 28064 28102 I EngineIdGenerator: Refusing EXCLUSIVE task INTERNAL_PERIODIC_TASK_SYNC, it is already pending. Try again in 349 seconds.
05-11 23:00:26.634 28262 28296 W FA      : Failed to retrieve Firebase Instance Id
05-11 23:00:26.634 28064 28069 I zygote  : Do partial code cache collection, code=249KB, data=151KB
05-11 23:00:26.637  2150 28284 D ETS_TZ_CLIENT: ets ,send modified cmd: start
05-11 23:00:26.637  2150 28309 I FingerprintHal: [fingerprint.c] [do_event_status:350] WAKE_LOCK 
05-11 23:00:26.637 28262 28262 W TachyonTelecomModule: Self-managed ConnectionServices are supported from O onwards
05-11 23:00:26.638 28064 28102 I OpaEligibilityChecker: send OpaEligibilityChange broadcast to CommonBroadcastReceiver
05-11 23:00:26.644 28064 28069 I zygote  : After code cache collection, code=236KB, data=145KB
05-11 23:00:26.644 28064 28069 I zygote  : Increasing code cache capacity to 1024KB
05-11 23:00:26.648 28262 28296 W FA      : Failed to retrieve Firebase Instance Id
05-11 23:00:26.655  2150 28284 D ETS_TZ_CLIENT: ets ,send modified cmd: start
05-11 23:00:26.655  2150 28310 I FingerprintHal: [fingerprint.c] [do_event_status:360] CAPTURE_FINGER_DETECTED 
05-11 23:00:26.710 25885 26329 I Icing   : IndexChimeraService.getServiceInterface callingPackage=com.google.android.googlequicksearchbox componentName=agsa_icing_connection serviceId=SEARCH_QUERIES
05-11 23:00:26.718 25885 27879 I Icing   : IndexChimeraService.getServiceInterface callingPackage=com.google.android.googlequicksearchbox componentName=agsa_icing_connection serviceId=GLOBAL_SEARCH_ADMIN
05-11 23:00:26.730 28262 28262 W ResourceType: For resource 0x7f130195, entry index(405) is beyond type entryCount(335)
05-11 23:00:26.730 28262 28262 W ResourceType: For resource 0x7f130194, entry index(404) is beyond type entryCount(335)
05-11 23:00:26.730 28262 28262 W ResourceType: For resource 0x7f130183, entry index(387) is beyond type entryCount(335)
05-11 23:00:26.733 28262 28262 W ResourceType: For resource 0x7f130191, entry index(401) is beyond type entryCount(335)
05-11 23:00:26.733 28262 28262 W ResourceType: For resource 0x7f130197, entry index(407) is beyond type entryCount(335)
05-11 23:00:26.733 28262 28262 W ResourceType: For resource 0x7f13036b, entry index(875) is beyond type entryCount(335)
05-11 23:00:26.777  2150 28284 D ETS_TZ_CLIENT: ets ,send modified cmd: start
05-11 23:00:26.777  2150 28327 I FingerprintHal: [fingerprint.c] [do_event_status:371] CAPTURE_FINISH 
05-11 23:00:26.779  3184  3184 I FingerprintController: fingerprint acquired, grabbing fp wakelock
05-11 23:00:26.786 25885 26620 I Icing   : Usage reports ok 0, Failed Usage reports 0, indexed 0, rejected 0, imm upload true
05-11 23:00:26.792 28262 28262 W ResourceType: For resource 0x7f13033a, entry index(826) is beyond type entryCount(335)
05-11 23:00:26.792 28262 28262 W ResourceType: For resource 0x7f130322, entry index(802) is beyond type entryCount(335)
05-11 23:00:26.792   501   754 W qti_sensors_hal: processReportInd: lux: 35, ch0: 62, ch1: 1136
05-11 23:00:26.793 28262 28262 W ResourceType: For resource 0x7f130321, entry index(801) is beyond type entryCount(335)
05-11 23:00:26.793 28262 28262 W ResourceType: For resource 0x7f13034d, entry index(845) is beyond type entryCount(335)
05-11 23:00:26.796 28262 28262 W ResourceType: For resource 0x7f13034c, entry index(844) is beyond type entryCount(335)
05-11 23:00:26.796 28262 28262 W ResourceType: For resource 0x7f130358, entry index(856) is beyond type entryCount(335)
05-11 23:00:26.797 28262 28262 W ResourceType: For resource 0x7f130357, entry index(855) is beyond type entryCount(335)
05-11 23:00:26.797 28262 28262 W ResourceType: For resource 0x7f13031f, entry index(799) is beyond type entryCount(335)
05-11 23:00:26.797 28262 28262 W ResourceType: For resource 0x7f130349, entry index(841) is beyond type entryCount(335)
05-11 23:00:26.797 28262 28262 W ResourceType: For resource 0x7f13034a, entry index(842) is beyond type entryCount(335)
05-11 23:00:26.803 28064 28169 W SearchServiceCore: Abort, client detached.
05-11 23:00:26.811 25885 26620 I Icing   : Usage reports ok 0, Failed Usage reports 0, indexed 0, rejected 0, imm upload true
05-11 23:00:26.856  2150 28284 I ETS-MAIN: [main_control.c] [do_verify:646] main-control MODE_IGNORE_FINGER_OFF 
05-11 23:00:26.856  2150 28284 D ETS_TZ_CLIENT: ets ,send modified cmd: start
05-11 23:00:26.858  2150 28284 D ETS_TZ_CLIENT: ets ,send modified cmd: start
05-11 23:00:26.860  2150 28284 D ETS_TZ_CLIENT: ets ,send modified cmd buffer: start
05-11 23:00:26.860  2413  3124 V FingerprintService: onAuthenticated, deviceId = 2993770928 fingerId = 0 groupId = 0
05-11 23:00:26.861  2413  2413 V FingerprintService: handleAuthenticated
05-11 23:00:26.862  3184  3184 I FingerprintController: releasing fp wakelock
05-11 23:00:26.864  3184  3184 D StatusBar: DozeServiceHost: notifyFpsHelp
05-11 23:00:26.864  2150 28334 I FingerprintHal: [fingerprint.c] [do_event_status:487] VERIFY_FINISH 
05-11 23:00:26.864  2150 28334 I FingerprintHal: [fingerprint.c] [authenticate_finger:626] start authenticate_finger 
05-11 23:00:26.864  2150 28334 I ETS-MAIN: [egistec_fp_api.c] [efp_verify_finger:269] [efp_verify_finger] enter 
05-11 23:00:26.865  2150 28334 I ETS-MAIN: [egistec_fp_api.c] [efp_verify_finger:271] [efp_verify_finger] return = 0 
05-11 23:00:26.865  2150 28335 D ETS_TZ_CLIENT: ets ,send modified cmd: start
05-11 23:00:26.865 25387 25387 I MotoDisplay: pulse - trigger: Type: FINGERPRINT_EVENT is pulsing: true is paused: false
05-11 23:00:26.865 25387 25387 I MotoDisplay: Acquiring wakelock MotoDisplayWakeLock for 500
05-11 23:00:26.866 25387 25387 I MotoDisplay: isPulseAllowed - warm up complete: true
05-11 23:00:26.888 28262 28262 W ResourceType: For resource 0x7f13033a, entry index(826) is beyond type entryCount(335)
05-11 23:00:26.917 28262 28336 W DynamiteModule: Local module descriptor class for com.google.android.gms.googlecertificates not found.
05-11 23:00:26.922 28262 28336 W zygote  : Skipping duplicate class check due to unrecognized classloader
05-11 23:00:26.950 28262 28336 W zygote  : Skipping duplicate class check due to unrecognized classloader
05-11 23:00:27.025  2413  4866 I ActivityManager: Start proc 28338:com.google.android.dialer/u10a32 for broadcast com.google.android.dialer/com.google.android.libraries.internal.growth.growthkit.internal.experiments.impl.PhenotypeBroadcastReceiver
05-11 23:00:27.143 18852 18852 I Finsky  : [2] com.google.android.finsky.scheduler.JobSchedulerEngine$PhoneskyJobSchedulerJobService.onStartJob(3): onJobSchedulerWakeup with jobId 9001
05-11 23:00:27.153 18852 18852 I Finsky  : [2] ped.a(21): Scheduling fallback job with id: 9034, and delay: 43200000 ms
05-11 23:00:27.157 18852 18852 I Finsky  : [2] ped.a(5): Scheduling fallback in 64799997 (absolute: 201395231)
05-11 23:00:27.203  7107  7107 I Finsky  : [2] com.google.android.finsky.scheduler.JobSchedulerEngine$PhoneskyJobSchedulerJobService.onStartJob(3): onJobSchedulerWakeup with jobId 9000
05-11 23:00:27.204 18852 18852 I Finsky  : [2] pen.handleMessage(10): DeviceState: DeviceState{currentTime=1557633627190, isCharging=true, isIdle=true, netAny=true, netNotRoaming=true, netUnmetered=true}
05-11 23:00:27.210  7107  7107 I Finsky  : [2] ped.a(21): Scheduling fallback job with id: 9034, and delay: 43200000 ms
05-11 23:00:27.213 18852 27727 I Finsky  : [5315] pfx.b(7): Jobs in database: 1-1337 10-1 10-3 10-4 10-6 10-7 10-8 10-10 10-11 10-12 10-14 10-15 10-16 10-18 10-20 10-22 10-24 10-25 10-26 10-27 10-28 10-29 10-30 10-31 10-33 10-35 10-36 10-38 10-39 10-40 10-41 10-42 10-44 10-46 10-47 10-48 10-50 10-55 10-57 10-61 12-1 26-1414141414 
05-11 23:00:27.215  7107  7107 I Finsky  : [2] ped.a(5): Scheduling fallback in 64799997 (absolute: 201395289)
05-11 23:00:27.217 18852 18852 I Finsky  : [2] pek.a(46): Running job: 12-1
05-11 23:00:27.227 18852 18852 I Finsky  : [2] com.google.android.finsky.contentsync.ContentSyncJob.a(23): ContentSyncJob started
05-11 23:00:27.228 18852 18852 I Finsky  : [2] pen.handleMessage(81): RunningQueue size: 1, PendingQueue size: 0
05-11 23:00:27.228 18852 18852 I Finsky  : [2] pen.handleMessage(90): Running queue: 12-1 
05-11 23:00:27.231   501   754 W qti_sensors_hal: processReportInd: lux: 3, ch0: 42, ch1: 182
05-11 23:00:27.239  2150 28335 D ETS_TZ_CLIENT: ets ,send modified cmd: start
05-11 23:00:27.246  7107  7107 I Finsky  : [2] pen.handleMessage(10): DeviceState: DeviceState{currentTime=1557633627238, isCharging=true, isIdle=true, netAny=true, netNotRoaming=true, netUnmetered=true}
05-11 23:00:27.250  7107 27745 I Finsky  : [4693] pfx.b(7): Jobs in database: 1-1337 12-1 26-1414141414 
05-11 23:00:27.262  7107  7107 I Finsky  : [2] pek.a(46): Running job: 12-1
05-11 23:00:27.264  7107  7107 I Finsky  : [2] com.google.android.finsky.contentsync.ContentSyncJob.a(23): ContentSyncJob started
05-11 23:00:27.265  7107  7107 I Finsky  : [2] pen.handleMessage(81): RunningQueue size: 1, PendingQueue size: 0
05-11 23:00:27.265  7107  7107 I Finsky  : [2] pen.handleMessage(90): Running queue: 12-1 
05-11 23:00:27.324 28338 28338 I Dialer  : DialerApplication.onCreate - enter
05-11 23:00:27.326  2150 28335 D ETS_TZ_CLIENT: ets ,send modified cmd: start
05-11 23:00:27.332 28338 28338 I Dialer  : ClearcutMetricsInitializer.initialize - enter
05-11 23:00:27.339 28338 28338 W PrimesInit: Primes instant initialization
05-11 23:00:27.343 28338 28353 W Primes  : background initialization
05-11 23:00:27.343 28338 28338 I Dialer  : ClearcutMetricsInitializer.initialize - primes metrics monitoring started!
05-11 23:00:27.344 28338 28338 I Dialer  : PrimesMetrics.startTimer - Application.onCreate is empty
05-11 23:00:27.377 28338 28353 I PrimesTesting: GserviceFlagsSupplier.get()
05-11 23:00:27.413 28338 28338 I Dialer  : DialerExecutorModule.newThread - creating low priority thread
05-11 23:00:27.415 28338 28360 I Dialer  : DialerExecutorModule.newThread - creating low priority thread
05-11 23:00:27.416  2150 28335 D ETS_TZ_CLIENT: ets ,send modified cmd: start
05-11 23:00:27.440 28338 28338 I Dialer  : DialerExecutorModule.newThread - creating low priority thread
05-11 23:00:27.440 28338 28338 I Dialer  : DialerApplication.initializeAnnotatedCallLog - enter
05-11 23:00:27.444 28338 28338 I Dialer  : DuoModule.provideDuo - force enabled by flag, returning impl
05-11 23:00:27.511  2150 28335 D ETS_TZ_CLIENT: ets ,send modified cmd: start
05-11 23:00:27.518  7107 27855 I Finsky  : [4698] dff.a(5): Completed 0 account content syncs with 0 successful.
05-11 23:00:27.519  7107  7107 I Finsky  : [2] com.google.android.finsky.contentsync.ContentSyncJob.a(21): Installation state replication succeeded.
05-11 23:00:27.520  7107  7107 I Finsky  : [2] pfu.a(11): jobFinished: 12-1. TimeElapsed: 258ms
05-11 23:00:27.523   501   754 W qti_sensors_hal: processReportInd: lux: 11, ch0: 31, ch1: 421
05-11 23:00:27.527  7107  7107 I Finsky  : [2] pek.a(10): Job 12-1 finished
05-11 23:00:27.528  7107  7107 I Finsky  : [2] pen.handleMessage(81): RunningQueue size: 0, PendingQueue size: 0
05-11 23:00:27.529  7107  7107 I Finsky  : [2] pen.handleMessage(27): Executor finished
05-11 23:00:27.529  2413  5565 I ActivityManager: Start proc 28369:android.process.acore/u10a8 for content provider com.android.providers.blockednumber/.BlockedNumberProvider
05-11 23:00:27.574 28338 28338 I Dialer  : SpamModule.provideSpam - using composite spam
05-11 23:00:27.597  2150 28335 D ETS_TZ_CLIENT: ets ,send modified cmd: start
05-11 23:00:27.624  7107  7107 I Finsky  : [2] pfx.b(7): Jobs in database: 1-1337 26-1414141414 
05-11 23:00:27.633 28338 28338 I Dialer  : SpamModule.provideSpam - using composite spam
05-11 23:00:27.648  7107  7107 I Finsky  : [2] pdk.a(66): ConstraintMapping: 1-1337,  -> L: 24210778ms, D: 67410778ms, C: false, I: false, N: NET_ANY
05-11 23:00:27.648  7107  7107 I Finsky  : [2] pdk.a(66): ConstraintMapping: 26-1414141414,  -> L: 37914782ms, D: 38814782ms, C: false, I: false, N: NET_NONE
05-11 23:00:27.649  7107  7107 I Finsky  : [2] com.google.android.finsky.scheduler.JobSchedulerEngine.a(42): Cancelling existing job with id: 9003
05-11 23:00:27.655  7107  7107 I Finsky  : [2] com.google.android.finsky.scheduler.JobSchedulerEngine.a(4): Scheduling job Id: 9001, L: 24210778, D: 67410778, C: false, I: false, N: 1
05-11 23:00:27.656  7107  7107 I Finsky  : [2] com.google.android.finsky.scheduler.JobSchedulerEngine.a(4): Scheduling job Id: 9002, L: 37914782, D: 38814782, C: false, I: false, N: 0
05-11 23:00:27.686  2150 28335 D ETS_TZ_CLIENT: ets ,send modified cmd: start
05-11 23:00:27.692 28338 28338 I Dialer  : SpamModule.provideSpam - using composite spam
05-11 23:00:27.723 28338 28338 I Dialer  : SpamModule.provideSpam - using composite spam
05-11 23:00:27.726 28338 28338 I Dialer  : DialerApplication.initializeAnnotatedCallLog - framework not enabled
05-11 23:00:27.728 28338 28386 I Dialer  : CallLogConfigImpl.schedulePollingJob - scheduling
05-11 23:00:27.742 28338 28338 I Dialer  : NonUiTaskBuilder.newThread - creating serial thread
05-11 23:00:27.743 28338 28338 I Dialer  : DialerExecutorModule.newThread - creating low priority thread
05-11 23:00:27.749 28338 28338 I Dialer  : DialerExecutorModule.newThread - creating low priority thread
05-11 23:00:27.754 28338 28338 I Dialer  : ShortcutsJobScheduler.scheduleAllJobs - enter
05-11 23:00:27.758 28338 28338 I Dialer  : ShortcutsJobScheduler.scheduleAllJobs - enabling shortcuts
05-11 23:00:27.759 28338 28338 I Dialer  : PeriodicJobService.schedulePeriodicJob - enter
05-11 23:00:27.760 28338 28338 I Dialer  : PeriodicJobService.schedulePeriodicJob - job already scheduled.
05-11 23:00:27.774  2150 28335 D ETS_TZ_CLIENT: ets ,send modified cmd: start
05-11 23:00:27.783 28338 28392 I Dialer  : SpamJobScheduler.scheduleJob - job with id SPAM_JOB_WIFI is already scheduled
05-11 23:00:27.785 28338 28392 I Dialer  : SpamJobScheduler.scheduleJob - job with id SPAM_JOB_ANY_NETWORK is already scheduled
05-11 23:00:27.791 28369 28369 I ContactsPerf: VoicemailContentProvider.onCreate start
05-11 23:00:27.807 28369 28369 I ContactsPerf: VoicemailContentProvider.onCreate finish
05-11 23:00:27.815   501   754 W qti_sensors_hal: processReportInd: lux: 6, ch0: 58, ch1: 259
05-11 23:00:27.853 28338 28390 I Dialer  : WhisperCallScreenModule - returning CallScreenManagerStub
05-11 23:00:27.866  2150 28335 D ETS_TZ_CLIENT: ets ,send modified cmd: start
05-11 23:00:27.866 28338 28364 I Dialer  : BlockedNumbersAutoMigrator - not attempting auto-migrate: current user can't block
05-11 23:00:27.866 28369 28391 D ContactsDatabaseHelper: WAL enabled for contacts2.db: true
05-11 23:00:27.974 28338 28338 I Dialer  : Flags.register - phenotype register status: true
05-11 23:00:28.009 28369 28391 I ContactLocale: AddressBook Labels [[es_US,en_US]]: […, A, B, C, D, E, F, G, H, I, J, K, L, M, N, Ñ, O, P, Q, R, S, T, U, V, W, X, Y, Z, Α, Β, Γ, Δ, Ε, Ζ, Η, Θ, Ι, Κ, Λ, Μ, Ν, Ξ, Ο, Π, Ρ, Σ, Τ, Υ, Φ, Χ, Ψ, Ω, …, А, Б, В, Г, Д, Ђ, Е, Є, Ж, З, И, І, Й, Ј, К, Л, Љ, М, Н, Њ, О, П, Р, С, Т, Ћ, У, Ф, Х, Ц, Ч, Џ, Ш, Щ, Ю, Я, …, א, ב, ג, ד, ה, ו, ז, ח, ט, י, כ, ל, מ, נ, ס, ע, פ, צ, ק, ר, ש, ת, …, ا, ب, ت, ث, ج, ح, خ, د, ذ, ر, ز, س, ش, ص, ض, ط, ظ, ع, غ, ف, ق, ك, ل, م, ن, ه, و, ي, …, ก, ข, ฃ, ค, ฅ, ฆ, ง, จ, ฉ, ช, ซ, ฌ, ญ, ฎ, ฏ, ฐ, ฑ, ฒ, ณ, ด, ต, ถ, ท, ธ, น, บ, ป, ผ, ฝ, พ, ฟ, ภ, ม, ย, ร, ฤ, ล, ฦ, ว, ศ, ษ, ส, ห, ฬ, อ, ฮ, …, ㄱ, ㄴ, ㄷ, ㄹ, ㅁ, ㅂ, ㅅ, ㅇ, ㅈ, ㅊ, ㅋ, ㅌ, ㅍ, ㅎ, …, あ, か, さ, た, な, は, ま, や, ら, わ, #, …]
05-11 23:00:28.044  2150 28398 I FingerprintHal: [fingerprint.c] [do_event_status:346] CAPTURE_WAIT_FINGER_ON 
05-11 23:00:28.044  2150 28399 I FingerprintHal: [fingerprint.c] [do_event_status:355] WAKE_UNLOCK 
05-11 23:00:28.060 28338 28389 I Dialer  : WhisperCallScreenModule - returning CallScreenManagerStub
05-11 23:00:28.061 28338 28338 I Dialer  : Flags.register - commit succeeded: true
05-11 23:00:28.062 28369 28391 D ContactsDatabaseHelper: WAL enabled for profile.db: true
05-11 23:00:28.107   501   754 W qti_sensors_hal: processReportInd: lux: 20, ch0: 37, ch1: 695
05-11 23:00:28.110 28338 28389 I Dialer  : WhisperCallScreenModule - returning CallScreenManagerStub
05-11 23:00:28.111 28338 28338 I Dialer  : UpdateBroadcastReceiver.onReceive - commit succeeded: true
05-11 23:00:28.141 27856 27856 D PhenotypeUpdateService: onCreate called
05-11 23:00:28.150 27856 28401 D PhenotypeUpdateService: Updating Phenotype configs
05-11 23:00:28.180  5728  5728 I PhenotypeUpdate: onReceive() urgent = false
05-11 23:00:28.210  2150 28335 D ETS_TZ_CLIENT: ets ,send modified cmd: start
05-11 23:00:28.213  2150 28407 I FingerprintHal: [fingerprint.c] [do_event_status:350] WAKE_LOCK 
05-11 23:00:28.225  2413  4866 I ActivityManager: Start proc 28408:com.google.android.gms.ui/u10a27 for service com.google.android.gms/.chimera.UiIntentOperationService
05-11 23:00:28.337  2150 28427 I FingerprintHal: [fingerprint.c] [do_event_status:355] WAKE_UNLOCK 
05-11 23:00:28.389 18852 18852 I Finsky  : [2] dff.a(5): Completed 3 account content syncs with 3 successful.
05-11 23:00:28.390  2150 28335 D ETS_TZ_CLIENT: ets ,send modified cmd: start
05-11 23:00:28.390  2150 28432 I FingerprintHal: [fingerprint.c] [do_event_status:350] WAKE_LOCK 
05-11 23:00:28.397 18852 18852 I Finsky  : [2] com.google.android.finsky.contentsync.ContentSyncJob.a(21): Installation state replication succeeded.
05-11 23:00:28.398 18852 18852 I Finsky  : [2] pfu.a(11): jobFinished: 12-1. TimeElapsed: 1180ms
05-11 23:00:28.398 18852 18852 I Finsky  : [2] pek.a(10): Job 12-1 finished
05-11 23:00:28.400 18852 18852 I Finsky  : [2] pen.handleMessage(81): RunningQueue size: 0, PendingQueue size: 0
05-11 23:00:28.400 18852 18852 I Finsky  : [2] pen.handleMessage(27): Executor finished
05-11 23:00:28.429  2413  3026 I ActivityManager: Start proc 28434:com.google.android.apps.messaging/u10a101 for broadcast com.google.android.apps.messaging/.shared.experiments.receiver.BuglePhenotypeBroadcastReceiver
05-11 23:00:28.474 18852 18852 I Finsky  : [2] pfx.b(7): Jobs in database: 1-1337 10-1 10-3 10-4 10-6 10-7 10-8 10-10 10-11 10-12 10-14 10-15 10-16 10-18 10-20 10-22 10-24 10-25 10-26 10-27 10-28 10-29 10-30 10-31 10-33 10-35 10-36 10-38 10-39 10-40 10-41 10-42 10-44 10-46 10-47 10-48 10-50 10-55 10-57 10-61 26-1414141414 
05-11 23:00:28.476 18852 18852 I Finsky  : [2] pdk.a(66): ConstraintMapping: 1-1337, 10-1, 10-3, 10-4, 10-6, 10-7, 10-8, 10-10, 10-11, 10-12, 10-14, 10-15, 10-16, 10-18, 10-20, 10-22, 10-24, 10-25, 10-26, 10-27, 10-28, 10-29, 10-30, 10-31, 10-33, 10-35, 10-36, 10-38, 10-39, 10-40, 10-41, 10-42, 10-44, 10-46, 10-47, 10-48, 10-50, 10-55, 10-57, 10-61,  -> L: 25771862ms, D: 68971862ms, C: false, I: false, N: NET_ANY
05-11 23:00:28.476 18852 18852 I Finsky  : [2] pdk.a(66): ConstraintMapping: 26-1414141414,  -> L: 39151990ms, D: 40051990ms, C: false, I: false, N: NET_NONE
05-11 23:00:28.479 18852 18852 I Finsky  : [2] com.google.android.finsky.scheduler.JobSchedulerEngine.a(42): Cancelling existing job with id: 9002
05-11 23:00:28.504 18852 18852 I Finsky  : [2] com.google.android.finsky.scheduler.JobSchedulerEngine.a(4): Scheduling job Id: 9000, L: 25771862, D: 68971862, C: false, I: false, N: 1
05-11 23:00:28.506 18852 18852 I Finsky  : [2] com.google.android.finsky.scheduler.JobSchedulerEngine.a(4): Scheduling job Id: 9003, L: 39151990, D: 40051990, C: false, I: false, N: 0
05-11 23:00:28.580 28408 28408 W DynamiteModule: Local module descriptor class for providerinstaller not found.
05-11 23:00:28.608 28408 28408 W ProviderHelper: Unknown dynamite feature providerinstaller
05-11 23:00:28.610 28408 28408 I DynamiteModule: Considering local module providerinstaller:0 and remote module providerinstaller:0
05-11 23:00:28.611 28408 28408 W ProviderInstaller: Failed to load providerinstaller module: No acceptable module found. Local version is 0 and remote version is 0.
05-11 23:00:28.627 28408 28408 V NativeCrypto: Registering com/google/android/gms/org/conscrypt/NativeCrypto's 284 native methods...
05-11 23:00:28.642  2150 28451 I FingerprintHal: [fingerprint.c] [do_event_status:355] WAKE_UNLOCK 
05-11 23:00:28.674 28408 28408 D NetworkSecurityConfig: Using Network Security Config from resource network_security_config debugBuild: false
05-11 23:00:28.678 28408 28408 I ProviderInstaller: Installed default security provider GmsCore_OpenSSL
05-11 23:00:28.691   501   754 W qti_sensors_hal: processReportInd: lux: 29, ch0: 37, ch1: 940
05-11 23:00:28.790  2413  2433 I zygote  : Background concurrent copying GC freed 56426(3MB) AllocSpace objects, 16(1392KB) LOS objects, 42% free, 22MB/39MB, paused 672us total 359.980ms
05-11 23:00:28.870 28408 28408 W Primes  : Primes not initialized, returning default (no-op) Primes instance which will ignore all calls. Please call Primes.initialize(...) before using any Primes API.
05-11 23:00:28.913   550   817 I SFPerfTracer:      triggers: (rate: 0:0) (48481 sw vsyncs) (0 skipped) (155:1153229 vsyncs) (157:1367460)
05-11 23:00:28.936  2150 28335 D ETS_TZ_CLIENT: ets ,send modified cmd: start
05-11 23:00:28.960  2150 28458 I FingerprintHal: [fingerprint.c] [do_event_status:350] WAKE_LOCK 
05-11 23:00:29.016 28434 28434 I MultiDex: VM with version 2.1.0 has multidex support
05-11 23:00:29.023 28434 28434 I MultiDex: install
05-11 23:00:29.023 28434 28434 I MultiDex: VM has multidex support, MultiDex support library is disabled.
05-11 23:00:29.197 28434 28434 D FirebaseApp: com.google.firebase.auth.FirebaseAuth is not linked. Skipping initialization.
05-11 23:00:29.198 28434 28434 D FirebaseApp: com.google.firebase.crash.FirebaseCrash is not linked. Skipping initialization.
05-11 23:00:29.260 28434 28434 I FirebaseInitProvider: FirebaseApp initialization successful
05-11 23:00:29.370  5771  5782 I zygote  : Background concurrent copying GC freed 141760(7MB) AllocSpace objects, 63(3MB) LOS objects, 50% free, 6MB/12MB, paused 585us total 151.132ms
05-11 23:00:29.411 28434 28469 I Bugle   : GServicesValues:
05-11 23:00:29.411 28434 28469 I Bugle   : bugle_enable_primes_crash_metrics: true
05-11 23:00:29.411 28434 28469 I Bugle   : bugle_enable_wap_push_si: true
05-11 23:00:29.411 28434 28469 I Bugle   : bugle_max_telemetry_upload_retries: 10
05-11 23:00:29.411 28434 28469 I Bugle   : bugle_rcs_mcc_mnc: 334020
05-11 23:00:29.411 28434 28469 I Bugle   : bugle_rcs_otp_length: 6
05-11 23:00:29.411 28434 28469 I Bugle   : bugle_rcs_otp_pattern: Your\senhanced\smessaging\sactivation\scode\sis:\s\((\d{6})\)
05-11 23:00:29.411 28434 28469 I Bugle   : bugle_rcs_provisioning_imei_format: 0
05-11 23:00:29.411 28434 28469 I Bugle   : bugle_rcs_provisioning_imsi_format: 0
05-11 23:00:29.411 28434 28469 I Bugle   : bugle_rcs_sms_port: 0
05-11 23:00:29.411 28434 28469 I Bugle   : bugle_sticker_set_list_version: 3
05-11 23:00:29.472 28434 28434 I Bugle   : Initializing EmojiCompat
05-11 23:00:29.482 28434 28434 I Bugle   : BugleApplicationBase: Bugle version: 4.2.069 (fairie_rc18_xhdpi.armeabi-v7a.phone)
05-11 23:00:29.491 28434 28434 I Bugle   : DarkModeUtilImpl: Setting system dark mode to off
05-11 23:00:29.495 25885 25897 I FontsContentProvider: Received query Noto Color Emoji Compat, URI content://com.google.android.gms.fonts
05-11 23:00:29.496 25885 25897 I FontsContentProvider: Query [Noto Color Emoji Compat] resolved to {Noto Color Emoji Compat, wdth 100.0, wght 400, ital 0.0, bestEffort false}
05-11 23:00:29.503 25885 25897 I FontsContentProvider: Fetch {Noto Color Emoji Compat, wdth 100.0, wght 400, ital 0.0, bestEffort false} end status Status{statusCode=SUCCESS, resolution=null}
05-11 23:00:29.505 28434 28434 W PrimesInit: Primes instant initialization
05-11 23:00:29.507 28434 28479 W Primes  : background initialization
05-11 23:00:29.520 28434 28467 I FA      : App measurement is starting up, version: 15300
05-11 23:00:29.521 28434 28467 I FA      : To enable debug logging run: adb shell setprop log.tag.FA VERBOSE
05-11 23:00:29.523 28434 28467 I FA      : To enable faster debug mode event logging run:
05-11 23:00:29.523 28434 28467 I FA      :   adb shell setprop debug.firebase.analytics.app com.google.android.apps.messaging
05-11 23:00:29.532 25885 25897 I FontsContentProvider: Pulling font file for id = 2, cache size = 1
05-11 23:00:29.540 28434 28483 I Bugle   : BuglePhenotypeBroadcastReceiver.onReceive
05-11 23:00:29.544 28434 28479 I PrimesTesting: GserviceFlagsSupplier.get()
05-11 23:00:29.551  2413  4863 W ActivityManager: Background start not allowed: service Intent { cmp=com.google.android.apps.messaging/.shared.datamodel.action.execution.ActionExecutorImpl$EmptyService } to com.google.android.apps.messaging/.shared.datamodel.action.execution.ActionExecutorImpl$EmptyService from pid=28434 uid=1010101 pkg=com.google.android.apps.messaging
05-11 23:00:29.557 28434 28434 W BugleDataModel: ActionExecutorImpl: Action started execution, but we can't guarantee it will complete, the app may be killed. Action: class com.google.android.apps.messaging.shared.datamodel.action.CountryCodeDetectorAction-CountryCodeDetectorAction:136597522003
05-11 23:00:29.557 28434 28434 W BugleDataModel: java.lang.IllegalStateException: Not allowed to start service Intent { cmp=com.google.android.apps.messaging/.shared.datamodel.action.execution.ActionExecutorImpl$EmptyService }: app is in background uid UidRecord{9252035 u10a101 RCVR idle procs:1 seq(0,0,0)}
05-11 23:00:29.557 28434 28434 W BugleDataModel: 	at android.app.ContextImpl.startServiceCommon(ContextImpl.java:1520)
05-11 23:00:29.557 28434 28434 W BugleDataModel: 	at android.app.ContextImpl.startService(ContextImpl.java:1476)
05-11 23:00:29.557 28434 28434 W BugleDataModel: 	at android.content.ContextWrapper.startService(ContextWrapper.java:644)
05-11 23:00:29.557 28434 28434 W BugleDataModel: 	at com.google.android.apps.messaging.shared.datamodel.action.execution.ActionExecutorImpl.a(SourceFile:21)
05-11 23:00:29.557 28434 28434 W BugleDataModel: 	at com.google.android.apps.messaging.shared.datamodel.action.execution.ActionExecutorImpl.b(SourceFile:18)
05-11 23:00:29.557 28434 28434 W BugleDataModel: 	at dxb.c(SourceFile:129)
05-11 23:00:29.557 28434 28434 W BugleDataModel: 	at dxb.a(SourceFile:79)
05-11 23:00:29.557 28434 28434 W BugleDataModel: 	at dwi.b(SourceFile:56)
05-11 23:00:29.557 28434 28434 W BugleDataModel: 	at dwi.a(SourceFile:23)
05-11 23:00:29.557 28434 28434 W BugleDataModel: 	at com.google.android.apps.messaging.shared.datamodel.action.common.ThrottledAction.schedule(SourceFile:37)
05-11 23:00:29.557 28434 28434 W BugleDataModel: 	at dhe.a(SourceFile:4)
05-11 23:00:29.557 28434 28434 W BugleDataModel: 	at gat.a(SourceFile:6)
05-11 23:00:29.557 28434 28434 W BugleDataModel: 	at fsr.onReceive(SourceFile:12)
05-11 23:00:29.557 28434 28434 W BugleDataModel: 	at gbx.onReceive(SourceFile:5)
05-11 23:00:29.557 28434 28434 W BugleDataModel: 	at gat.onReceive(SourceFile:8)
05-11 23:00:29.557 28434 28434 W BugleDataModel: 	at android.app.LoadedApk$ReceiverDispatcher$Args.lambda$-android_app_LoadedApk$ReceiverDispatcher$Args_51615(LoadedApk.java:1304)
05-11 23:00:29.557 28434 28434 W BugleDataModel: 	at android.app.-$Lambda$FilBqgnXJrN9Mgyks1XHeAxzSTk.$m$0(Unknown Source:4)
05-11 23:00:29.557 28434 28434 W BugleDataModel: 	at android.app.-$Lambda$FilBqgnXJrN9Mgyks1XHeAxzSTk.run(Unknown Source:0)
05-11 23:00:29.557 28434 28434 W BugleDataModel: 	at android.os.Handler.handleCallback(Handler.java:789)
05-11 23:00:29.557 28434 28434 W BugleDataModel: 	at android.os.Handler.dispatchMessage(Handler.java:98)
05-11 23:00:29.557 28434 28434 W BugleDataModel: 	at android.os.Looper.loop(Looper.java:164)
05-11 23:00:29.557 28434 28434 W BugleDataModel: 	at android.app.ActivityThread.main(ActivityThread.java:6694)
05-11 23:00:29.557 28434 28434 W BugleDataModel: 	at java.lang.reflect.Method.invoke(Native Method)
05-11 23:00:29.557 28434 28434 W BugleDataModel: 	at com.android.internal.os.Zygote$MethodAndArgsCaller.run(Zygote.java:240)
05-11 23:00:29.557 28434 28434 W BugleDataModel: 	at com.android.internal.os.ZygoteInit.main(ZygoteInit.java:769)
05-11 23:00:29.557 28434 28434 I BugleAction: ActionSchedulerImpl: class com.google.android.apps.messaging.shared.datamodel.action.CountryCodeDetectorAction-CountryCodeDetectorAction:136597522003 deferred since it was started from unsafe context
05-11 23:00:29.591 28434 28434 I Bugle   : Carrier config changed. Reloading MMS config.
05-11 23:00:29.609  2413  8216 I ActivityManager: Start proc 28489:com.google.android.apps.messaging:rcs/u10a101 for broadcast com.google.android.apps.messaging/com.google.android.ims.library.phenotype.PhenotypeConfigurationReceiver
05-11 23:00:29.626 25885 26329 I Icing   : IndexChimeraService.getServiceInterface callingPackage=com.google.android.apps.messaging componentName=null serviceId=SEARCH_QUERIES
05-11 23:00:29.659  2413  4866 W ActivityManager: Background start not allowed: service Intent { cmp=com.google.android.apps.messaging/.shared.datamodel.action.execution.ActionExecutorImpl$EmptyService } to com.google.android.apps.messaging/.shared.datamodel.action.execution.ActionExecutorImpl$EmptyService from pid=28434 uid=1010101 pkg=com.google.android.apps.messaging
05-11 23:00:29.662 25885 25896 I FontsContentProvider: Pulling font file for id = 2, cache size = 1
05-11 23:00:29.707  2150 28503 I FingerprintHal: [fingerprint.c] [do_event_status:355] WAKE_UNLOCK 
05-11 23:00:29.721 28434 28469 W Bugle   : BuglePhoneNumberUtils: canonicalizeMccMnc: invalid mccmnc. mcc: null, mnc: null
05-11 23:00:29.730 28434 28469 W Bugle   : BuglePhoneNumberUtils: canonicalizeMccMnc: invalid mccmnc. mcc: null, mnc: null
05-11 23:00:29.745 25885 26402 I Icing   : Usage reports ok 0, Failed Usage reports 0, indexed 0, rejected 0, imm upload false
05-11 23:00:29.774 28434 28469 I Bugle   : Carrier configs loaded: Bundle[{carrier_volte_provisioned_bool=false, httpSocketTimeout=60000, carrier_wfc_supports_wifi_only_bool=false, operator_selection_expand_bool=true, disable_cdma_activation_code_bool=false, simplified_network_settings_bool=false, carrier_default_wfc_ims_roaming_enabled_bool=false, cdma_nonroaming_networks_string_array=null, aliasMinChars=2, wfc_data_spn_format_idx_int=0, hide_sim_lock_settings_bool=false, drop_video_call_when_answering_audio_call_bool=false, check_reg_state_for_apn_protocol=false, ci_action_on_sys_update_bool=false, smsUsesSimpleCharactersOnly=true, vvm_port_number_int=0, carrier_default_wfc_ims_enabled_bool=false, dial_string_replace_string_array=null, gsm_nonroaming_networks_string_array=null, hide_ims_apn_bool=true, vvm_destination_number_string=, dtmf_type_enabled_bool=false, config_ims_package_override_string=com.google.android.ims, smsToMmsTextThreshold=6, disable_severe_when_extreme_disabled_bool=true, force_home_network_bool=false, enableSMSDeliveryReports=true, auto_retry_enabled_bool=false, carrier_force_disable_etws_cmas_test_bool=false, allow_emergency_video_calls_bool=false, csp_enabled_bool=false, default_sim_call_manager_string=, mmsRoamingAutoRetrieveByDefault=false, call_forwarding_blocks_while_roaming_string_array=null, support_video_conference_call_bool=false, ims_dtmf_tone_delay_int=0, moto_mt_sms_filter_list=null, carrier_instant_lettering_escaped_chars_string=, carrier_default_wfc_ims_roaming_mode_int=2, editable_wfc_mode_bool=true, support_direct_fdn_dialing_bool=false, new_apn_read_only_apn_fields_string_array=null, carrier_wifi_string_array=null, treat_downgraded_video_calls_as_video_calls_bool=false, wifi_calls_can_be_hd_audio=true, support_downgrade_vt_to_audio_bool=true, use_otasp_for_provisioning_bool=false, maxMessageTextSize=-1, moto_show_brazil_settings=false, duration_blocking_disabled_after_emergency_int=7200, carrier_metered_roaming_apn_types_strings=[Ljava.lang.String;@5f3da3d, show_apn_setting_cdma_bool=false, carrier_instant_lettering_length_limit_int=64, smsEncodingChangeable=true, carrier_instant_lettering_invalid_chars_string=, carrier_setup_app_string=, editable_wfc_roaming_mode_bool=false, supportMmsContentDisposition=true, allow_non_emergency_calls_in_ecm_bool=true, use_rcs_presence_bool=false, cdma_dtmf_tone_delay_int=100, editable_voicemail_number_bool=false, filtered_cnap_names_string_array=null, enabledTransID=false, aliasEnabled=false, vvm_disabled_capabilities_string_array=null, moto_back_to_auto_network_selection_timer=-1, ims_conference_size_limit_int=5, supportHttpCharsetHeader=false, ascii_7_bit_support_for_long_message=false, allow_video_call_in_low_battery=true, vvm_prefetch_bool=true, hide_enhanced_4g_lte_bool=false, display_hd_audio_property_bool=true, has_in_call_noise_suppression_bool=false, voicemail_notification_persistent_bool=false, carrier_default_actions_on_reset_string_array=[Ljava.lang.String;@d80b232, world_phone_bool=false, ims_reasoninfo_mapping_string_array=null, default_vm_number_string=, data_limit_threshold_bytes_long=-1, allowAttachAudio=true, ci_action_on_sys_update_extra_string=, ignore_sim_network_locked_events_bool=false, notify_international_call_on_wfc_bool=false, carrier_instant_lettering_available_bool=false, stk_disable_launch_browser_bool=false, carrier_use_ims_first_for_emergency_bool=true, carrier_vt_available_bool=false, smsToMmsTextLengthThreshold=-1, config_wifi_disable_in_ecbm=false, ci_action_on_sys_update_intent_string=, moto_hide_non_user_apn_edit_delete_bool=false, additional_call_setting_bool=true, carrier_app_no_wake_signal_config=null, sms_requires_destination_number_conversion_bool=false, carrier_default_actions_on_redirection_string_array=[Ljava.lang.String;@ac34b83, support_swap_after_merge_bool=false, recipientLimit=20, moto_enable_service_dialing_number=true, groupChatDefaultsToMMS=false, carrier_default_enhanced_4g_mode_enabled_bool=true, notify_vt_handover_to_wifi_failure_bool=false, gsm_dtmf_tone_delay_int=0, show_onscreen_dial_button_boo
05-11 23:00:29.812 28434 28486 W Bugle   : BuglePhoneNumberUtils: canonicalizeMccMnc: invalid mccmnc. mcc: null, mnc: null
05-11 23:00:29.820 28434 28486 W Bugle   : BuglePhoneNumberUtils: canonicalizeMccMnc: invalid mccmnc. mcc: null, mnc: null
05-11 23:00:29.828 28489 28489 I MultiDex: VM with version 2.1.0 has multidex support
05-11 23:00:29.828 28489 28489 I MultiDex: install
05-11 23:00:29.828 28489 28489 I MultiDex: VM has multidex support, MultiDex support library is disabled.
05-11 23:00:29.829 28434 28486 I Bugle   : Carrier configs loaded: Bundle[{carrier_volte_provisioned_bool=false, httpSocketTimeout=60000, carrier_wfc_supports_wifi_only_bool=false, operator_selection_expand_bool=true, disable_cdma_activation_code_bool=false, simplified_network_settings_bool=false, carrier_default_wfc_ims_roaming_enabled_bool=false, cdma_nonroaming_networks_string_array=null, aliasMinChars=2, wfc_data_spn_format_idx_int=0, hide_sim_lock_settings_bool=false, drop_video_call_when_answering_audio_call_bool=false, check_reg_state_for_apn_protocol=false, ci_action_on_sys_update_bool=false, smsUsesSimpleCharactersOnly=true, vvm_port_number_int=0, carrier_default_wfc_ims_enabled_bool=false, dial_string_replace_string_array=null, gsm_nonroaming_networks_string_array=null, hide_ims_apn_bool=true, vvm_destination_number_string=, dtmf_type_enabled_bool=false, config_ims_package_override_string=com.google.android.ims, smsToMmsTextThreshold=6, disable_severe_when_extreme_disabled_bool=true, force_home_network_bool=false, enableSMSDeliveryReports=true, auto_retry_enabled_bool=false, carrier_force_disable_etws_cmas_test_bool=false, allow_emergency_video_calls_bool=false, csp_enabled_bool=false, default_sim_call_manager_string=, mmsRoamingAutoRetrieveByDefault=false, call_forwarding_blocks_while_roaming_string_array=null, support_video_conference_call_bool=false, ims_dtmf_tone_delay_int=0, moto_mt_sms_filter_list=null, carrier_instant_lettering_escaped_chars_string=, carrier_default_wfc_ims_roaming_mode_int=2, editable_wfc_mode_bool=true, support_direct_fdn_dialing_bool=false, new_apn_read_only_apn_fields_string_array=null, carrier_wifi_string_array=null, treat_downgraded_video_calls_as_video_calls_bool=false, wifi_calls_can_be_hd_audio=true, support_downgrade_vt_to_audio_bool=true, use_otasp_for_provisioning_bool=false, maxMessageTextSize=-1, moto_show_brazil_settings=false, duration_blocking_disabled_after_emergency_int=7200, carrier_metered_roaming_apn_types_strings=[Ljava.lang.String;@128d4de, show_apn_setting_cdma_bool=false, carrier_instant_lettering_length_limit_int=64, smsEncodingChangeable=true, carrier_instant_lettering_invalid_chars_string=, carrier_setup_app_string=, editable_wfc_roaming_mode_bool=false, supportMmsContentDisposition=true, allow_non_emergency_calls_in_ecm_bool=true, use_rcs_presence_bool=false, cdma_dtmf_tone_delay_int=100, editable_voicemail_number_bool=false, filtered_cnap_names_string_array=null, enabledTransID=false, aliasEnabled=false, vvm_disabled_capabilities_string_array=null, moto_back_to_auto_network_selection_timer=-1, ims_conference_size_limit_int=5, supportHttpCharsetHeader=false, ascii_7_bit_support_for_long_message=false, allow_video_call_in_low_battery=true, vvm_prefetch_bool=true, hide_enhanced_4g_lte_bool=false, display_hd_audio_property_bool=true, has_in_call_noise_suppression_bool=false, voicemail_notification_persistent_bool=false, carrier_default_actions_on_reset_string_array=[Ljava.lang.String;@f276bf, world_phone_bool=false, ims_reasoninfo_mapping_string_array=null, default_vm_number_string=, data_limit_threshold_bytes_long=-1, allowAttachAudio=true, ci_action_on_sys_update_extra_string=, ignore_sim_network_locked_events_bool=false, notify_international_call_on_wfc_bool=false, carrier_instant_lettering_available_bool=false, stk_disable_launch_browser_bool=false, carrier_use_ims_first_for_emergency_bool=true, carrier_vt_available_bool=false, smsToMmsTextLengthThreshold=-1, config_wifi_disable_in_ecbm=false, ci_action_on_sys_update_intent_string=, moto_hide_non_user_apn_edit_delete_bool=false, additional_call_setting_bool=true, carrier_app_no_wake_signal_config=null, sms_requires_destination_number_conversion_bool=false, carrier_default_actions_on_redirection_string_array=[Ljava.lang.String;@e24f18c, support_swap_after_merge_bool=false, recipientLimit=20, moto_enable_service_dialing_number=true, groupChatDefaultsToMMS=false, carrier_default_enhanced_4g_mode_enabled_bool=true, notify_vt_handover_to_wifi_failure_bool=false, gsm_dtmf_tone_delay_int=0, show_onscreen_dial_button_bool
05-11 23:00:29.854  2150 28335 D ETS_TZ_CLIENT: ets ,send modified cmd: start
05-11 23:00:29.854  2150 28507 I FingerprintHal: [fingerprint.c] [do_event_status:350] WAKE_LOCK 
05-11 23:00:29.866  5771  6345 E amsk    : Phenotype API error. Event # bulq@309c5ed, EventCode: COMMIT_CONFIG [CONTEXT service_id=51 ]
05-11 23:00:29.866  5771  6345 E amsk    : amqy: 29503
05-11 23:00:29.866  5771  6345 E amsk    : 	at amsr.b(:com.google.android.gms@17122017@17.1.22 (040306-245988633):3)
