05-11 23:00:29.866  5771  6345 E amsk    : 	at amsl.a(:com.google.android.gms@17122017@17.1.22 (040306-245988633):6)
05-11 23:00:29.866  5771  6345 E amsk    : 	at amsm.b(Unknown Source:2)
05-11 23:00:29.866  5771  6345 E amsk    : 	at amsk.a(:com.google.android.gms@17122017@17.1.22 (040306-245988633):72)
05-11 23:00:29.866  5771  6345 E amsk    : 	at amsk.a(:com.google.android.gms@17122017@17.1.22 (040306-245988633):67)
05-11 23:00:29.866  5771  6345 E amsk    : 	at zwc.run(:com.google.android.gms@17122017@17.1.22 (040306-245988633):19)
05-11 23:00:29.866  5771  6345 E amsk    : 	at bhlo.run(:com.google.android.gms@17122017@17.1.22 (040306-245988633):2)
05-11 23:00:29.866  5771  6345 E amsk    : 	at sed.b(:com.google.android.gms@17122017@17.1.22 (040306-245988633):29)
05-11 23:00:29.866  5771  6345 E amsk    : 	at sed.run(:com.google.android.gms@17122017@17.1.22 (040306-245988633):21)
05-11 23:00:29.866  5771  6345 E amsk    : 	at java.util.concurrent.ThreadPoolExecutor.runWorker(ThreadPoolExecutor.java:1162)
05-11 23:00:29.866  5771  6345 E amsk    : 	at java.util.concurrent.ThreadPoolExecutor$Worker.run(ThreadPoolExecutor.java:636)
05-11 23:00:29.866  5771  6345 E amsk    : 	at skl.run(Unknown Source:7)
05-11 23:00:29.866  5771  6345 E amsk    : 	at java.lang.Thread.run(Thread.java:764)
05-11 23:00:29.867  5771  6345 E AsyncOperation: serviceID=51, operation=CommitToConfigurationOperationCall
05-11 23:00:29.867  5771  6345 E AsyncOperation: OperationException[Status{statusCode=unknown status code: 29503, resolution=null}]
05-11 23:00:29.867  5771  6345 E AsyncOperation: 	at amsk.a(:com.google.android.gms@17122017@17.1.22 (040306-245988633):80)
05-11 23:00:29.867  5771  6345 E AsyncOperation: 	at amsk.a(:com.google.android.gms@17122017@17.1.22 (040306-245988633):67)
05-11 23:00:29.867  5771  6345 E AsyncOperation: 	at zwc.run(:com.google.android.gms@17122017@17.1.22 (040306-245988633):19)
05-11 23:00:29.867  5771  6345 E AsyncOperation: 	at bhlo.run(:com.google.android.gms@17122017@17.1.22 (040306-245988633):2)
05-11 23:00:29.867  5771  6345 E AsyncOperation: 	at sed.b(:com.google.android.gms@17122017@17.1.22 (040306-245988633):29)
05-11 23:00:29.867  5771  6345 E AsyncOperation: 	at sed.run(:com.google.android.gms@17122017@17.1.22 (040306-245988633):21)
05-11 23:00:29.867  5771  6345 E AsyncOperation: 	at java.util.concurrent.ThreadPoolExecutor.runWorker(ThreadPoolExecutor.java:1162)
05-11 23:00:29.867  5771  6345 E AsyncOperation: 	at java.util.concurrent.ThreadPoolExecutor$Worker.run(ThreadPoolExecutor.java:636)
05-11 23:00:29.867  5771  6345 E AsyncOperation: 	at skl.run(Unknown Source:7)
05-11 23:00:29.867  5771  6345 E AsyncOperation: 	at java.lang.Thread.run(Thread.java:764)
05-11 23:00:29.908 28489 28508 I Bugle   : GServicesValues:
05-11 23:00:29.908 28489 28508 I Bugle   : bugle_enable_primes_crash_metrics: true
05-11 23:00:29.908 28489 28508 I Bugle   : bugle_enable_wap_push_si: true
05-11 23:00:29.908 28489 28508 I Bugle   : bugle_max_telemetry_upload_retries: 10
05-11 23:00:29.908 28489 28508 I Bugle   : bugle_rcs_mcc_mnc: 334020
05-11 23:00:29.908 28489 28508 I Bugle   : bugle_rcs_otp_length: 6
05-11 23:00:29.908 28489 28508 I Bugle   : bugle_rcs_otp_pattern: Your\senhanced\smessaging\sactivation\scode\sis:\s\((\d{6})\)
05-11 23:00:29.908 28489 28508 I Bugle   : bugle_rcs_provisioning_imei_format: 0
05-11 23:00:29.908 28489 28508 I Bugle   : bugle_rcs_provisioning_imsi_format: 0
05-11 23:00:29.908 28489 28508 I Bugle   : bugle_rcs_sms_port: 0
05-11 23:00:29.908 28489 28508 I Bugle   : bugle_sticker_set_list_version: 3
05-11 23:00:29.922 28489 28489 W BugleStartup: StartupHandler: ContentProvider startup tasks did not execute before Application onCreate(), executed in onApplicationCreated().
05-11 23:00:29.927 28489 28489 I Bugle   : BugleApplicationBase: Bugle version: 4.2.069 (fairie_rc18_xhdpi.armeabi-v7a.phone)
05-11 23:00:30.038 28434 28471 W native  : commandlineflags.cc:983 Ignoring RegisterValidateFunction() for flag pointer 0x91fe4760: no flag found at that address
05-11 23:00:30.048 28434 28471 W native  : commandlineflags.cc:983 Ignoring RegisterValidateFunction() for flag pointer 0x9396ce30: no flag found at that address
05-11 23:00:30.072 28434 28471 W native  : commandlineflags.cc:983 Ignoring RegisterValidateFunction() for flag pointer 0x91c22ff0: no flag found at that address
05-11 23:00:30.138 28434 28471 W native  : commandlineflags.cc:983 Ignoring RegisterValidateFunction() for flag pointer 0x91b19ac0: no flag found at that address
05-11 23:00:30.163 28434 28477 I BugleRcsEngine: [5644] opx.a: Initializing SimStateTracker
05-11 23:00:30.174 28434 28520 E Bugle   : dhg: cannot find field mOpenParamsBuilder
05-11 23:00:30.174 28434 28520 E Bugle   : java.lang.NoSuchFieldException: No field mOpenParamsBuilder in class Landroid/database/sqlite/SQLiteOpenHelper; (declaration of 'android.database.sqlite.SQLiteOpenHelper' appears in /system/framework/framework.jar)
05-11 23:00:30.174 28434 28520 E Bugle   : 	at java.lang.Class.getDeclaredField(Native Method)
05-11 23:00:30.174 28434 28520 E Bugle   : 	at dhg.<init>(SourceFile:12)
05-11 23:00:30.174 28434 28520 E Bugle   : 	at ezi.a(SourceFile:6)
05-11 23:00:30.174 28434 28520 E Bugle   : 	at wcz.a(SourceFile:9)
05-11 23:00:30.174 28434 28520 E Bugle   : 	at dhd.c(SourceFile:19)
05-11 23:00:30.174 28434 28520 E Bugle   : 	at dyr.run(SourceFile:5)
05-11 23:00:30.174 28434 28520 E Bugle   : 	at fxy.a(SourceFile:65)
05-11 23:00:30.174 28434 28520 E Bugle   : 	at fya.run(Unknown Source:1)
05-11 23:00:30.174 28434 28520 E Bugle   : 	at java.util.concurrent.ThreadPoolExecutor.runWorker(ThreadPoolExecutor.java:1162)
05-11 23:00:30.174 28434 28520 E Bugle   : 	at java.util.concurrent.ThreadPoolExecutor$Worker.run(ThreadPoolExecutor.java:636)
05-11 23:00:30.174 28434 28520 E Bugle   : 	at java.lang.Thread.run(Thread.java:764)
05-11 23:00:30.193 28434 28477 W Bugle   : BuglePhoneNumberUtils: canonicalizeMccMnc: invalid mccmnc. mcc: null, mnc: null
05-11 23:00:30.197 28489 28509 W native  : commandlineflags.cc:983 Ignoring RegisterValidateFunction() for flag pointer 0x93867760: no flag found at that address
05-11 23:00:30.198 28434 28477 W Bugle   : BuglePhoneNumberUtils: canonicalizeMccMnc: invalid mccmnc. mcc: null, mnc: null
05-11 23:00:30.201 28489 28509 W native  : commandlineflags.cc:983 Ignoring RegisterValidateFunction() for flag pointer 0x933eae30: no flag found at that address
05-11 23:00:30.208 28434 28477 I Bugle   : Carrier configs loaded: Bundle[{carrier_volte_provisioned_bool=false, httpSocketTimeout=60000, carrier_wfc_supports_wifi_only_bool=false, operator_selection_expand_bool=true, disable_cdma_activation_code_bool=false, simplified_network_settings_bool=false, carrier_default_wfc_ims_roaming_enabled_bool=false, cdma_nonroaming_networks_string_array=null, aliasMinChars=2, wfc_data_spn_format_idx_int=0, hide_sim_lock_settings_bool=false, drop_video_call_when_answering_audio_call_bool=false, check_reg_state_for_apn_protocol=false, ci_action_on_sys_update_bool=false, smsUsesSimpleCharactersOnly=true, vvm_port_number_int=0, carrier_default_wfc_ims_enabled_bool=false, dial_string_replace_string_array=null, gsm_nonroaming_networks_string_array=null, hide_ims_apn_bool=true, vvm_destination_number_string=, dtmf_type_enabled_bool=false, config_ims_package_override_string=com.google.android.ims, smsToMmsTextThreshold=6, disable_severe_when_extreme_disabled_bool=true, force_home_network_bool=false, enableSMSDeliveryReports=true, auto_retry_enabled_bool=false, carrier_force_disable_etws_cmas_test_bool=false, allow_emergency_video_calls_bool=false, csp_enabled_bool=false, default_sim_call_manager_string=, mmsRoamingAutoRetrieveByDefault=false, call_forwarding_blocks_while_roaming_string_array=null, support_video_conference_call_bool=false, ims_dtmf_tone_delay_int=0, moto_mt_sms_filter_list=null, carrier_instant_lettering_escaped_chars_string=, carrier_default_wfc_ims_roaming_mode_int=2, editable_wfc_mode_bool=true, support_direct_fdn_dialing_bool=false, new_apn_read_only_apn_fields_string_array=null, carrier_wifi_string_array=null, treat_downgraded_video_calls_as_video_calls_bool=false, wifi_calls_can_be_hd_audio=true, support_downgrade_vt_to_audio_bool=true, use_otasp_for_provisioning_bool=false, maxMessageTextSize=-1, moto_show_brazil_settings=false, duration_blocking_disabled_after_emergency_int=7200, carrier_metered_roaming_apn_types_strings=[Ljava.lang.String;@5c98eee, show_apn_setting_cdma_bool=false, carrier_instant_lettering_length_limit_int=64, smsEncodingChangeable=true, carrier_instant_lettering_invalid_chars_string=, carrier_setup_app_string=, editable_wfc_roaming_mode_bool=false, supportMmsContentDisposition=true, allow_non_emergency_calls_in_ecm_bool=true, use_rcs_presence_bool=false, cdma_dtmf_tone_delay_int=100, editable_voicemail_number_bool=false, filtered_cnap_names_string_array=null, enabledTransID=false, aliasEnabled=false, vvm_disabled_capabilities_string_array=null, moto_back_to_auto_network_selection_timer=-1, ims_conference_size_limit_int=5, supportHttpCharsetHeader=false, ascii_7_bit_support_for_long_message=false, allow_video_call_in_low_battery=true, vvm_prefetch_bool=true, hide_enhanced_4g_lte_bool=false, display_hd_audio_property_bool=true, has_in_call_noise_suppression_bool=false, voicemail_notification_persistent_bool=false, carrier_default_actions_on_reset_string_array=[Ljava.lang.String;@a728f8f, world_phone_bool=false, ims_reasoninfo_mapping_string_array=null, default_vm_number_string=, data_limit_threshold_bytes_long=-1, allowAttachAudio=true, ci_action_on_sys_update_extra_string=, ignore_sim_network_locked_events_bool=false, notify_international_call_on_wfc_bool=false, carrier_instant_lettering_available_bool=false, stk_disable_launch_browser_bool=false, carrier_use_ims_first_for_emergency_bool=true, carrier_vt_available_bool=false, smsToMmsTextLengthThreshold=-1, config_wifi_disable_in_ecbm=false, ci_action_on_sys_update_intent_string=, moto_hide_non_user_apn_edit_delete_bool=false, additional_call_setting_bool=true, carrier_app_no_wake_signal_config=null, sms_requires_destination_number_conversion_bool=false, carrier_default_actions_on_redirection_string_array=[Ljava.lang.String;@21ee21c, support_swap_after_merge_bool=false, recipientLimit=20, moto_enable_service_dialing_number=true, groupChatDefaultsToMMS=false, carrier_default_enhanced_4g_mode_enabled_bool=true, notify_vt_handover_to_wifi_failure_bool=false, gsm_dtmf_tone_delay_int=0, show_onscreen_dial_button_boo
05-11 23:00:30.209 28489 28509 W native  : commandlineflags.cc:983 Ignoring RegisterValidateFunction() for flag pointer 0x9331bff0: no flag found at that address
05-11 23:00:30.215 28434 28475 I BugleRcsEngine: [5642] nmd.register: Initializing Carrier Services Library.
05-11 23:00:30.220  5771  6345 E amsk    : Phenotype API error. Event # bulq@a5a68d3a, EventCode: COMMIT_CONFIG [CONTEXT service_id=51 ]
05-11 23:00:30.220  5771  6345 E amsk    : amqy: 29503
05-11 23:00:30.220  5771  6345 E amsk    : 	at amsr.b(:com.google.android.gms@17122017@17.1.22 (040306-245988633):3)
05-11 23:00:30.220  5771  6345 E amsk    : 	at amsl.a(:com.google.android.gms@17122017@17.1.22 (040306-245988633):6)
05-11 23:00:30.220  5771  6345 E amsk    : 	at amsm.b(Unknown Source:2)
05-11 23:00:30.220  5771  6345 E amsk    : 	at amsk.a(:com.google.android.gms@17122017@17.1.22 (040306-245988633):72)
05-11 23:00:30.220  5771  6345 E amsk    : 	at amsk.a(:com.google.android.gms@17122017@17.1.22 (040306-245988633):67)
05-11 23:00:30.220  5771  6345 E amsk    : 	at zwc.run(:com.google.android.gms@17122017@17.1.22 (040306-245988633):19)
05-11 23:00:30.220  5771  6345 E amsk    : 	at bhlo.run(:com.google.android.gms@17122017@17.1.22 (040306-245988633):2)
05-11 23:00:30.220  5771  6345 E amsk    : 	at sed.b(:com.google.android.gms@17122017@17.1.22 (040306-245988633):29)
05-11 23:00:30.220  5771  6345 E amsk    : 	at sed.run(:com.google.android.gms@17122017@17.1.22 (040306-245988633):21)
05-11 23:00:30.220  5771  6345 E amsk    : 	at java.util.concurrent.ThreadPoolExecutor.runWorker(ThreadPoolExecutor.java:1162)
05-11 23:00:30.220  5771  6345 E amsk    : 	at java.util.concurrent.ThreadPoolExecutor$Worker.run(ThreadPoolExecutor.java:636)
05-11 23:00:30.220  5771  6345 E amsk    : 	at skl.run(Unknown Source:7)
05-11 23:00:30.220  5771  6345 E amsk    : 	at java.lang.Thread.run(Thread.java:764)
05-11 23:00:30.221  5771  6345 E AsyncOperation: serviceID=51, operation=CommitToConfigurationOperationCall
05-11 23:00:30.221  5771  6345 E AsyncOperation: OperationException[Status{statusCode=unknown status code: 29503, resolution=null}]
05-11 23:00:30.221  5771  6345 E AsyncOperation: 	at amsk.a(:com.google.android.gms@17122017@17.1.22 (040306-245988633):80)
05-11 23:00:30.221  5771  6345 E AsyncOperation: 	at amsk.a(:com.google.android.gms@17122017@17.1.22 (040306-245988633):67)
05-11 23:00:30.221  5771  6345 E AsyncOperation: 	at zwc.run(:com.google.android.gms@17122017@17.1.22 (040306-245988633):19)
05-11 23:00:30.221  5771  6345 E AsyncOperation: 	at bhlo.run(:com.google.android.gms@17122017@17.1.22 (040306-245988633):2)
05-11 23:00:30.221  5771  6345 E AsyncOperation: 	at sed.b(:com.google.android.gms@17122017@17.1.22 (040306-245988633):29)
05-11 23:00:30.221  5771  6345 E AsyncOperation: 	at sed.run(:com.google.android.gms@17122017@17.1.22 (040306-245988633):21)
05-11 23:00:30.221  5771  6345 E AsyncOperation: 	at java.util.concurrent.ThreadPoolExecutor.runWorker(ThreadPoolExecutor.java:1162)
05-11 23:00:30.221  5771  6345 E AsyncOperation: 	at java.util.concurrent.ThreadPoolExecutor$Worker.run(ThreadPoolExecutor.java:636)
05-11 23:00:30.221  5771  6345 E AsyncOperation: 	at skl.run(Unknown Source:7)
05-11 23:00:30.221  5771  6345 E AsyncOperation: 	at java.lang.Thread.run(Thread.java:764)
05-11 23:00:30.224 28489 28509 W native  : commandlineflags.cc:983 Ignoring RegisterValidateFunction() for flag pointer 0x93210ac0: no flag found at that address
05-11 23:00:30.295   550   550 I SFPerfTracer:      triggers: (rate: 2446:210721) (compose: 0:298) (post: 0:772) (render: 0:1087) (75:885019 frames) (76:963707)
05-11 23:00:30.295   550   550 D SFPerfTracer:        layers: (4:8) (StatusBar#0 (0xadb33000): 1:43052) (RoundedOverlay#0 (0xadb35000): 0:805) (RoundedOverlay#1 (0xadb39000): 0:905) (DimLayerController/Stack=0#0 (0xadaae000): 0:523)* (NavigationBar#0 (0xadb45000): 0:3606)* (com.android.systemui.ImageWallpaper#0 (0xadb1d000): 0:53)* (animation background stackId=1#0 (0xadabb000): 0:12)* (AOD#0 (0xada83000): 76:161) 
05-11 23:00:30.303  2150 28530 I FingerprintHal: [fingerprint.c] [do_event_status:355] WAKE_UNLOCK 
05-11 23:00:30.310 28434 28475 I BugleBackup: Registering preference change listener for "bugle".
05-11 23:00:30.324 28434 28531 I Bugle   : CountryCodeDetector: updateMainDeviceCountry from default subscription network country. detected country: mx
05-11 23:00:30.356 28434 28434 I BugleRcs: RcsAvailability: updating
05-11 23:00:30.367 28434 28486 I BugleRcs: RcsAvailability: No minimum Cs.apk version is set, not checking Cs.apk version
05-11 23:00:30.367 28434 28469 I BugleRcsEngine: [5636] opx.b: Processing an intent
05-11 23:00:30.373 28434 28469 I BugleRcsEngine: [5636] opx.handleSimState: SIM state LOADED
05-11 23:00:30.374 28434 28486 I BugleRcs: RcsAvailability: updated: We aren't the default SMS app
05-11 23:00:30.399 28434 28475 D NetworkSecurityConfig: No Network Security Config specified, using platform default
05-11 23:00:30.438  2413  8216 I ActivityManager: Start proc 28535:com.google.android.calendar/u10a80 for broadcast com.google.android.calendar/com.google.android.apps.calendar.config.phenotypesupport.broadcast.PhenotypeBroadcastReceiver
05-11 23:00:30.443 28434 28434 I BugleRcs: RcsAvailability: Broadcast disable RCS for We aren't the default SMS app
05-11 23:00:30.456 28434 28475 W Bugle   : ChatContentDecoratorGrpc: Instance created but no relevant features are enabled
05-11 23:00:30.459 28434 28434 I BugleRcsEngine: [2] otv.b: Not using CS JibeService because the CS migration has not completed.
05-11 23:00:30.463  2413  8216 I ActivityManager: Killing 27670:com.android.defcontainer/u0a19 (adj 906): empty #17
05-11 23:00:30.470  2150 28335 D ETS_TZ_CLIENT: ets ,send modified cmd: start
05-11 23:00:30.470  2150 28549 I FingerprintHal: [fingerprint.c] [do_event_status:350] WAKE_LOCK 
05-11 23:00:30.479 28434 28434 I BugleRcs: RcsAvailability: updating
05-11 23:00:30.508 28434 28486 I BugleRcs: RcsAvailability: No minimum Cs.apk version is set, not checking Cs.apk version
05-11 23:00:30.522 28434 28469 I BugleRcsEngine: [5636] opx.updateSimInfo: SIM changed: false. current id: [e2pUnJOKVte2bbSBbwCnUYvtaW0]; stored id: [e2pUnJOKVte2bbSBbwCnUYvtaW0]; isFiDevice: false
05-11 23:00:30.557 28434 28469 W BugleRcsEngine: [5636] opx.getFormattedMsisdn: line1number from telephony is invalid! (MX) [Senh7J6ssiUcStckjdCWx562RzQ]
05-11 23:00:30.561 28434 28434 I BugleRcs: RcsAvailability: updating
05-11 23:00:30.578 28434 28483 I BugleRcs: RcsAvailability: No minimum Cs.apk version is set, not checking Cs.apk version
05-11 23:00:30.585 28434 28469 I BugleRcsEngine: [5636] opx.updateSimInfo: Updated SIM info: currentSimId: [e2pUnJOKVte2bbSBbwCnUYvtaW0]; imsi: [vVDgWDbbN6YDkZdeR2KUomfJD_c]; rawMsisdn: [Senh7J6ssiUcStckjdCWx562RzQ]; formattedMsisdn: ; mccmnc: [_DjQLDC2dhZMkF_Ql3RNgqnVSS4] isFiDevice: false;
05-11 23:00:30.593 28434 28469 I BugleRcsEngine: [5636] opx.sendBroadcastSimState: Broadcasting Intent { act=com.google.android.ims.SIM_LOADED (has extras) }
05-11 23:00:30.593 28434 28434 I Bugle   : SimChangeReceiver: action: com.google.android.ims.SIM_LOADED
05-11 23:00:30.611 28434 28434 I BugleRcs: RcsAvailability: updating
05-11 23:00:30.611 28434 28483 I BugleRcs: RcsAvailability: No minimum Cs.apk version is set, not checking Cs.apk version
05-11 23:00:30.681  2150 28552 I FingerprintHal: [fingerprint.c] [do_event_status:355] WAKE_UNLOCK 
05-11 23:00:30.744  3612 27419 W ctxmgr  : [PendingIntentCompat]Timed out delivering to pendingIntent=PendingIntent{d99a681: android.os.BinderProxy@a53cad}, intent=Intent { (has extras) }, permission=android.permission.ACCESS_FINE_LOCATION [CONTEXT service_id=47 ]
05-11 23:00:30.749  3612 27419 W ctxmgr  : [WorkManager]Long workInfo: pkg=com.google.android.gms, lbl=DispatcherDeliver, start=2019-05-11 23:00:25.717-0500, stop=2019-05-11 23:00:30.747-0500, durtn=5030ms [CONTEXT service_id=47 ]
05-11 23:00:30.818 25387 25387 I MotoDisplay: Setting display to off
05-11 23:00:30.819 25387 25387 I MotoDisplay: Acquiring wakelock MotoDisplayWakeLock for 500
05-11 23:00:30.819  2413  2656 I DisplayPowerController: Blocking screen off
05-11 23:00:30.819  2413  2656 I DisplayPowerController: Unblocked screen off after 1 ms
05-11 23:00:30.820   518   518 I DisplayPanel: setMode: panel mode = NORMAL
05-11 23:00:30.820 25387 25387 I MotoDisplay: Releasing wakelock: MotoDisplayWakeLock
05-11 23:00:30.820   518   518 I DisplayPanel: setParam: HBM = 0
05-11 23:00:30.820   518   518 I DisplayPanel: setParam: CABC = UI
05-11 23:00:30.821  2413  2645 I DisplayManagerService: Display device changed state: "Pantalla integrada", OFF
05-11 23:00:30.822   550   550 D SurfaceFlinger: Set power mode=0, type=0 flinger=0xafdb7000
05-11 23:00:30.826   508 12267 I SDM     : DisplayBase::SetDisplayState: Set state = 0, display 0
05-11 23:00:30.832  2413  2939 I InputReader: Reconfiguring input devices.  changes=0x00000004
05-11 23:00:30.845 28535 28535 W Primes  : Primes not initialized, returning default (no-op) Primes instance which will ignore all calls. Please call Primes.initialize(...) before using any Primes API.
05-11 23:00:30.852  2413  2413 D FingerprintController: mStowed=false
05-11 23:00:30.853  2413  2939 D PhoneWindowManagerWithMotoDisplay: stopping dream immediately
05-11 23:00:30.853  2413  2939 I DreamManagerService: Leaving dreamland.
05-11 23:00:30.854  2413  2643 I DreamManagerService: Performing gentle wake from dream.
05-11 23:00:30.854  2413  2643 I DreamController: Stopping dream: name=ComponentInfo{com.motorola.motodisplay/com.motorola.motodisplay.DozeService}, isTest=false, canDoze=true, userId=0
05-11 23:00:30.855  2413  2656 I PowerManagerService: Sleeping (uid 1000)...
05-11 23:00:30.856  2413  2939 I PowerManagerService: Waking up from sleep (uid 1000)...
05-11 23:00:30.860 25387 25387 I MotoDisplay: setKeyboardInteractivity - isInteractive: true mIsDreaming: true
05-11 23:00:30.860  3184  3184 D StatusBar: DozeServiceHost: notifyPowerKeyWakeup
05-11 23:00:30.861  3184  3221 D DozeHostService: stopDozing
05-11 23:00:30.863   512   512 I QTI PowerHAL: Got set_interactive hint
05-11 23:00:30.863  3184  3221 D DozeHostService: removing callback
05-11 23:00:30.863 25387 25387 I MotoDisplay: onDestroy - DozeService
05-11 23:00:30.865 25387 25387 I MotoDisplay: Releasing wakelock: MotoDisplayWakeLock
05-11 23:00:30.879  3184  3184 D StatusBar: DozeServiceHost: stopDozing
05-11 23:00:30.880  3184  3184 D StatusBar: DozeServiceHost: shouldAnimateWakeup
05-11 23:00:30.894 25387 25387 I MotoDisplay: finishScreen
05-11 23:00:30.894 25387 25387 I MotoDisplay: onDestroy
05-11 23:00:30.900  3184  3184 D StatusBar: DozeServiceHost: removeCallback
05-11 23:00:30.929  2413  3076 D WifiNative-wlan0: Scan issued for specific freq..
05-11 23:00:30.943  2011  2490 D audio_hw_primary: adev_set_parameters: enter: screen_state=on
05-11 23:00:30.943  2011  2490 V msm8974_platform: platform_set_parameters: enter: screen_state=on
05-11 23:00:30.943  2011  2490 V msm8974_platform: platform_set_parameters: exit with code(0)
05-11 23:00:30.952  3165  3165 I DeviceStatusMonitor: onReceive() : Action = android.intent.action.SCREEN_ON
05-11 23:00:30.975  3395  3501 I QCNEJ/CndHalConnector: -> SND notifyScreenStateChanged(true)
05-11 23:00:30.975  3395  3501 I QCNEJ/CndHalConnector: -> SND notifyScreenStateChanged(false)
05-11 23:00:30.992  2413  3876 V LocSvc_HIDL_Subscription_jni: screen_status_update
05-11 23:00:30.992  2413  3876 V LocSvc_HIDL_Subscription_jni: [screen_status_update][485] [HC] =>> [HS]
05-11 23:00:30.999  2076  2076 V LocSvc_HIDL_IzatSubscription: [screenStatusUpdate][552] [HS] <<<<= [HC]
05-11 23:00:31.002  2413  3876 V LocSvc_HIDL_Subscription_jni: Exit Result 0
05-11 23:00:31.019  9978  9978 I WeatherApp: Receiver action: android.intent.action.SCREEN_ON
05-11 23:00:31.024  5728  5728 I DeviceStatusMonitor: onReceive() : Action = android.intent.action.SCREEN_ON
05-11 23:00:31.027  2150 28335 D ETS_TZ_CLIENT: ets ,send modified cmd: start
05-11 23:00:31.027  2150 28581 I FingerprintHal: [fingerprint.c] [do_event_status:350] WAKE_LOCK 
05-11 23:00:31.046  8865  8865 I WeatherApp: Receiver action: android.intent.action.SCREEN_ON
05-11 23:00:31.050  2413  8216 D WificondControl: Scan result ready event
05-11 23:00:31.053  2413  3134 D SurfaceControl: Excessive delay in setPowerMode(): 231ms
05-11 23:00:31.054  2413  2645 I DisplayManagerService: Display device changed state: "Pantalla integrada", ON
05-11 23:00:31.056   550   550 D SurfaceFlinger: Set power mode=2, type=0 flinger=0xafdb7000
05-11 23:00:31.057   508 12267 I SDM     : DisplayBase::SetDisplayState: Set state = 1, display 0
05-11 23:00:31.060  3429  3429 E mot.actions.quickscreenshot.UserLockUnlockReceiver: Disable quick screenshot due to screen being locked/off
05-11 23:00:31.061 17464 17464 E hw-IPCThreadState: binder thread pool (1 threads) starved for 112 ms
05-11 23:00:31.068  2413  2939 I InputReader: Reconfiguring input devices.  changes=0x00000004
05-11 23:00:31.072  2413  2413 V NotificationListeners: disabling notification listener for user 0: ComponentInfo{com.motorola.motodisplay/com.motorola.motodisplay.notification.DisplayNotifListenerService}
05-11 23:00:31.097 25387 25387 I MotoDisplay: onListenerDisconnected - DisplayNotifListenerService
05-11 23:00:31.101  2413  4866 I ActivityManager: Killing 27707:com.android.keychain/1000 (adj 906): empty #17
05-11 23:00:31.104  9978 10000 I WeatherApp: is force update = false
05-11 23:00:31.106  9978 10000 I WeatherApp: No top city.
05-11 23:00:31.108  8865  9404 I WeatherApp: is force update = false
05-11 23:00:31.109  8865  9404 I WeatherApp: No top city.
05-11 23:00:31.116  3612  3612 I TrustAgent: [VoiceUnlockTrustletChimeraService] startAuthenticatingUser
05-11 23:00:31.142  2150 28586 I FingerprintHal: [fingerprint.c] [do_event_status:355] WAKE_UNLOCK 
05-11 23:00:31.200  2413  4866 I ActivityManager: Killing 27728:com.android.keychain/u10s1000 (adj 906): empty #17
05-11 23:00:31.355  2413  3134 D SurfaceControl: Excessive delay in setPowerMode(): 301ms
05-11 23:00:31.361  2413  2656 W PowerManagerService: Screen on took 511 ms
05-11 23:00:31.380   550   550 D SurfaceFlinger: Backpressure trigger, skipping transaction & refresh!
05-11 23:00:31.408  2413  2433 I zygote  : Background concurrent copying GC freed 106702(4MB) AllocSpace objects, 0(0B) LOS objects, 42% free, 22MB/39MB, paused 621us total 281.368ms
05-11 23:00:31.494  2413  5565 W ActivityManager: Permission Denial: service asks to run as user 10 but is calling from user 0; this requires android.permission.INTERACT_ACROSS_USERS_FULL or android.permission.INTERACT_ACROSS_USERS
05-11 23:00:31.495  3612 23680 E NetworkScheduler: Unknown result code received: 4
05-11 23:00:31.523  2413  5565 W ActivityManager: Permission Denial: service asks to run as user 10 but is calling from user 0; this requires android.permission.INTERACT_ACROSS_USERS_FULL or android.permission.INTERACT_ACROSS_USERS
05-11 23:00:31.613  2413  4866 I ActivityManager: Start proc 28592:com.fictionpress.fanfiction/u0a134 for service com.fictionpress.fanfiction/com.firebase.jobdispatcher.GooglePlayReceiver
05-11 23:00:31.639  3612 23680 E NetworkScheduler: Unknown result code received: 4
05-11 23:00:31.737  3612 28103 W ResourceType: ResTable_typeSpec entry count inconsistent: given 30, previously 38
05-11 23:00:31.738  3612 28103 W ResourceType: ResTable_typeSpec entry count inconsistent: given 30, previously 38
05-11 23:00:31.781   550   817 I SFPerfTracer:      triggers: (rate: 0:0) (48487 sw vsyncs) (0 skipped) (21:1153326 vsyncs) (23:1367568)
05-11 23:00:31.825   512   512 D QTI PowerHAL: JDG: 2036
05-11 23:00:31.825  3184  3184 D StatusBar: disable<e i a s b H R c s q >
05-11 23:00:31.870  3184  3184 I chatty  : uid=10063(u0_a63) com.android.systemui identical 1 line
05-11 23:00:31.897  3184  3184 D StatusBar: disable<e i a s b H R c s q >
05-11 23:00:31.947  3612 28103 W ResourceType: ResTable_typeSpec entry count inconsistent: given 15, previously 22
05-11 23:00:31.957  3612 28103 W ResourceType: ResTable_typeSpec entry count inconsistent: given 15, previously 22
05-11 23:00:31.957  3612 28103 W ResourceType: ResTable_typeSpec entry count inconsistent: given 1313, previously 2326
05-11 23:00:31.958  3612 28103 W ResourceType: ResTable_typeSpec entry count inconsistent: given 325, previously 443
05-11 23:00:32.099 28592 28618 I FA      : App measurement is starting up, version: 14710
05-11 23:00:32.099 28592 28618 I FA      : To enable debug logging run: adb shell setprop log.tag.FA VERBOSE
05-11 23:00:32.100 28592 28618 I FA      : To enable faster debug mode event logging run:
05-11 23:00:32.100 28592 28618 I FA      :   adb shell setprop debug.firebase.analytics.app com.fictionpress.fanfiction
05-11 23:00:32.162  3184  3336 W Adreno-EGL: <qeglDrvAPI_eglGetConfigAttrib:612>: EGL_BAD_ATTRIBUTE
05-11 23:00:32.476  3612  3612 W ChimeraUtils: Non Chimera context
05-11 23:00:32.476  3612  3612 W ChimeraUtils: Non Chimera context
05-11 23:00:32.539  3612 28103 W Conscrypt: Could not set socket write timeout: java.net.SocketException: Socket closed
05-11 23:00:32.542  3612 28103 W Conscrypt: 	at com.google.android.gms.org.conscrypt.Platform.setSocketWriteTimeout(:com.google.android.gms@17122017@17.1.22 (040306-245988633):2)
05-11 23:00:32.542  3612 28103 W Conscrypt: 	at com.google.android.gms.org.conscrypt.ConscryptFileDescriptorSocket.setSoWriteTimeout(:com.google.android.gms@17122017@17.1.22 (040306-245988633):2)
05-11 23:00:32.617  3612 28103 W Conscrypt: Could not set socket write timeout: java.net.SocketException: Socket closed
05-11 23:00:32.617  3612 28103 W Conscrypt: 	at com.google.android.gms.org.conscrypt.Platform.setSocketWriteTimeout(:com.google.android.gms@17122017@17.1.22 (040306-245988633):2)
05-11 23:00:32.617  3612 28103 W Conscrypt: 	at com.google.android.gms.org.conscrypt.ConscryptFileDescriptorSocket.setSoWriteTimeout(:com.google.android.gms@17122017@17.1.22 (040306-245988633):2)
05-11 23:00:32.918   501  1133 D NativeSensors: CapSensor:  mPendingEvent.distance=1.000000
05-11 23:00:32.954  2413  8216 W ActivityManager: Permission Denial: service asks to run as user 10 but is calling from user 0; this requires android.permission.INTERACT_ACROSS_USERS_FULL or android.permission.INTERACT_ACROSS_USERS
05-11 23:00:32.959  3612 27419 E NetworkScheduler: Unknown result code received: 4
05-11 23:00:32.983  2413  3026 W ActivityManager: Permission Denial: service asks to run as user 10 but is calling from user 0; this requires android.permission.INTERACT_ACROSS_USERS_FULL or android.permission.INTERACT_ACROSS_USERS
05-11 23:00:33.033  3612 27419 E NetworkScheduler: Unknown result code received: 4
05-11 23:00:33.619   550   817 I SFPerfTracer:      triggers: (rate: 0:0) (48487 sw vsyncs) (0 skipped) (69:1153428 vsyncs) (71:1367674)
05-11 23:00:33.655  2058  2058 I keystore: calling unlock when already unlocked, ignoring.
05-11 23:00:33.656  2413  5565 I LockSettingsService: Unlocking user 0 with token length 69
05-11 23:00:33.700  2413  5565 D LockSettingsService: unlockUser finished
05-11 23:00:33.700  2413  5565 W ActivityManager: Expected user 0 in state RUNNING_LOCKED but was in state RUNNING_UNLOCKED
05-11 23:00:33.883  2413  4866 W ActivityManager: Permission Denial: service asks to run as user 10 but is calling from user 0; this requires android.permission.INTERACT_ACROSS_USERS_FULL or android.permission.INTERACT_ACROSS_USERS
05-11 23:00:33.884  3612 23680 E NetworkScheduler: Unknown result code received: 4
05-11 23:00:34.006  3184  3184 D KeyguardViewMediator: Call PhoneWindowManager's keyguardGoingAway, expect PhoneWindowManager to call startKeyguardExitAnimation
05-11 23:00:34.112  7941  7941 I zygote  : Deoptimizing void com.android.launcher3.Workspace.mapOverItems(boolean, com.android.launcher3.Workspace$ItemOperator) due to JIT inline cache
05-11 23:00:34.132  7941  9540 W Adreno-EGL: <qeglDrvAPI_eglGetConfigAttrib:612>: EGL_BAD_ATTRIBUTE
05-11 23:00:34.140   550   550 I SFPerfTracer:      triggers: (rate: 2446:210722) (compose: 0:298) (post: 0:772) (render: 0:1087) (114:885181 frames) (115:963874)
05-11 23:00:34.140   550   550 D SFPerfTracer:        layers: (4:8) (StatusBar#0 (0xadb33000): 112:43213) (RoundedOverlay#0 (0xadb35000): 0:806) (RoundedOverlay#1 (0xadb39000): 0:906) (DimLayerController/Stack=0#0 (0xadaae000): 0:523)* (NavigationBar#0 (0xadb45000): 13:3620) (com.android.systemui.ImageWallpaper#0 (0xadb1d000): 0:53)* (animation background stackId=1#0 (0xadabb000): 0:12)* (AOD#0 (0xada83000): 0:161)- 
05-11 23:00:34.185  3184  3184 D StatusBar: disable<e i a s b H R c s q >
05-11 23:00:34.185  3184  3184 D StatusBar: disable<e i a s b H R c s q >
05-11 23:00:34.187  3184  3184 D StatusBar: DozeServiceHost: shouldAnimateWakeup
05-11 23:00:34.194  3184  3184 D StatusBar: DozeServiceHost: shouldAnimateWakeup
05-11 23:00:34.194   517   517 E WifiHAL : wifi_get_logger_supported_feature_set: Error -3 happened. 
05-11 23:00:34.196  3184  3184 D StatusBar: disable<e i a s b H R c s q >
05-11 23:00:34.198  2413  2413 V FingerprintService: stop client com.android.systemui
05-11 23:00:34.200  2150  2150 I FingerprintHal: [fingerprint.c] [fingerprint_cancel:868] enter 
05-11 23:00:34.200  2150  2150 I FingerprintHal: [fingerprint.c] [fp_abort:543] enter 
05-11 23:00:34.200  2150  2150 I ETS-MAIN: [egistec_fp_api.c] [efp_abort:249] [efp_abort] enter 
05-11 23:00:34.200  2150 28335 D ETS_TZ_CLIENT: ets ,send modified cmd: start
05-11 23:00:34.211  2150 28335 D ETS_TZ_CLIENT: ets ,send modified cmd buffer: start
05-11 23:00:34.217  2150  2150 I ETS-MAIN: [main_control.c] [main_abort:1302] g_active_thread=0, kill_threads ret=0! 
05-11 23:00:34.217  2150  2150 I ETS-MAIN: [egistec_fp_api.c] [efp_abort:251] [efp_abort] return = 0 
05-11 23:00:34.217  2150  2150 E FingerprintHal: [fingerprint.c] [on_error_msg:294] on_error 5 
05-11 23:00:34.217  2150  2150 E FingerprintHal: [ets_hidl.cpp] [on_error:206] onError(error=5, vendor=0) 
05-11 23:00:34.218  2413  2413 W FingerprintService: client com.android.systemui is no longer authenticating
05-11 23:00:34.218  2413  2413 V FingerprintService: Done with client: com.android.systemui
05-11 23:00:34.218  2413  2413 V FingerprintService: handleError(client=com.android.systemui, error = 5)
05-11 23:00:34.219  2150 28658 I FingerprintHal: [fingerprint.c] [do_event_status:487] VERIFY_FINISH 
05-11 23:00:34.225  2413  8216 E BatteryStatsService: no controller energy info supplied
05-11 23:00:34.225  2413  8216 E BatteryStatsService: no controller energy info supplied
05-11 23:00:34.232  3184  3254 I AudioTrack: AUDIO_OUTPUT_FLAG_FAST successful; frameCount 9065 -> 9065
05-11 23:00:34.236  2413  8216 E KernelCpuSpeedReader: Failed to read cpu-freq stats for CPUs 4-7
05-11 23:00:34.244  2053 14474 D APM_AudioPolicyManager: startOutput() output 13, stream 1, session 7385
05-11 23:00:34.258   501  1133 D NativeSensors: CapSensor:  mPendingEvent.distance=1.000000
05-11 23:00:34.268  3184  3184 D StatusBar: DozeServiceHost: shouldAnimateWakeup
05-11 23:00:34.270  3395  3501 I QCNEJ/CndHalConnector: -> SND notifyScreenStateChanged(true)
05-11 23:00:34.275 27936 27936 I GsaVoiceInteractionSrv: O received Intent { act=android.intent.action.USER_PRESENT flg=0x24200010 }
05-11 23:00:34.277  2413  8216 E BatteryStatsService: modem info is invalid: ModemActivityInfo{ mTimestamp=136602310 mSleepTimeMs=127537957 mIdleTimeMs=-127521457 mTxTimeMs[]=[0, 0, 0, 0, 0] mRxTimeMs=798 mEnergyUsed=0}
05-11 23:00:34.280  4393  4459 D AndroidPlus: [BatteryEngine] getLastResult autoApps = 0
05-11 23:00:34.280  4393  4459 D AndroidPlus: [BatteryEngine] getLastResult manualApps = 0
05-11 23:00:34.280  4393  4459 I AndroidPlus: [RemindManager] remind == none
05-11 23:00:34.282  2011  3332 V msm8974_platform: platform_get_output_snd_device: enter: output devices(0x2)
05-11 23:00:34.282  2011  3332 V msm8974_platform: platform_get_output_snd_device: exit: snd_device(speaker)
05-11 23:00:34.282  2011  3332 V msm8974_platform: platform_get_backend_index:napb: backend port - 0 device - 2 
05-11 23:00:34.282  2011  3332 V msm8974_platform: platform_check_and_set_playback_backend_cfg: usecase->stream.out->config.format (0)
05-11 23:00:34.284  2011  3332 V msm8974_platform: platform_check_and_set_playback_backend_cfg:becf: afe: bitwidth 16, samplerate 48000 channels 2, backend_idx 0 usecase = 1 device (speaker)
05-11 23:00:34.284  2011  3332 V msm8974_platform: platform_check_and_set_playback_backend_cfg: new_snd_devices[0] is 2
05-11 23:00:34.284  2011  3332 V msm8974_platform: platform_get_backend_index:napb: backend port - 0 device - 2 
05-11 23:00:34.284  2011  3332 V msm8974_platform: platform_check_playback_backend_cfg:becf: afe: bitwidth 16, samplerate 48000 channels 2, backend_idx 0 usecase = 1 device (speaker)
05-11 23:00:34.284  2011  3332 V msm8974_platform: platform_check_playback_backend_cfg:becf: afe: Codec selected backend: 0 updated bit width: 16 andsample rate: 48000
05-11 23:00:34.284  2011  3332 V msm8974_platform: platform_send_audio_calibration: sending audio calibration for snd_device(2) acdb_id(14)
05-11 23:00:34.294  2011  3332 D ACDB-LOADER: ACDB -> send_audio_cal, acdb_id = 14, path = 0, app id = 0x11130, sample rate = 48000
05-11 23:00:34.294  2011  3332 D ACDB-LOADER: ACDB -> send_asm_topology
05-11 23:00:34.294  2011  3332 D ACDB-LOADER: ACDB -> ACDB_CMD_GET_AUDPROC_STREAM_TOPOLOGY_ID
05-11 23:00:34.298  2011  3332 D ACDB-LOADER: ACDB -> send_adm_topology
05-11 23:00:34.298  2011  3332 D ACDB-LOADER: ACDB -> ACDB_CMD_GET_AUDPROC_COMMON_TOPOLOGY_ID
05-11 23:00:34.298  2011  3332 D ACDB-LOADER: ACDB -> send_audtable
05-11 23:00:34.298  2011  3332 D ACDB-LOADER: ACDB -> ACDB_CMD_GET_AUDPROC_COMMON_TABLE_SIZE
05-11 23:00:34.298  2011  3332 D ACDB-LOADER: ACDB -> ACDB_CMD_GET_AUDPROC_COMMON_TABLE
05-11 23:00:34.298  2011  3332 D ACDB-LOADER: ACDB -> AUDIO_SET_AUDPROC_CAL
05-11 23:00:34.298  2011  3332 D ACDB-LOADER: ACDB -> send_audvoltable
05-11 23:00:34.298  2011  3332 D ACDB-LOADER: ACDB -> ACDB_CMD_GET_AUDPROC_VOL_STEP_TABLE_SIZE
05-11 23:00:34.298  2011  3332 D ACDB-LOADER: ACDB -> ACDB_CMD_GET_AUDPROC_GAIN_DEP_STEP_TABLE, vol index 0
05-11 23:00:34.298  2011  3332 D ACDB-LOADER: ACDB -> AUDIO_SET_VOL_CAL cal type = 12
05-11 23:00:34.298  2011  3332 D ACDB-LOADER: ACDB -> ACDB_CMD_GET_AUDPROC_STREAM_TABLE_SIZE
05-11 23:00:34.298  2011  3332 D ACDB-LOADER: ACDB -> send_audstrmtable
05-11 23:00:34.298  2011  3332 D ACDB-LOADER: ACDB -> ACDB_CMD_GET_AUDPROC_STREAM_TABLE_V2
05-11 23:00:34.298  2011  3332 D ACDB-LOADER: ACDB -> audstrm_cal->cal_type.cal_data.cal_size = 456
05-11 23:00:34.298  2011  3332 D ACDB-LOADER: ACDB -> send_afe_topology
05-11 23:00:34.298  2011  3332 D ACDB-LOADER: ACDB -> ACDB_CMD_GET_AFE_TOPOLOGY_ID
05-11 23:00:34.298  2011  3332 D ACDB-LOADER: ACDB -> GET_AFE_TOPOLOGY_ID for adcd_id 14, Topology Id 112fc
05-11 23:00:34.298  2011  3332 D ACDB-LOADER: ACDB -> send_afe_cal
05-11 23:00:34.298  2011  3332 D ACDB-LOADER: ACDB -> ACDB_CMD_GET_AFE_COMMON_TABLE_SIZE
05-11 23:00:34.298  2011  3332 D         : Failed to fetch the lookup information of the device 0000000E 
05-11 23:00:34.298  2011  3332 E ACDB-LOADER: Error: ACDB_CMD_GET_AFE_COMMON_TABLE_SIZE Returned = -19
05-11 23:00:34.298  2011  3332 D ACDB-LOADER: ACDB -> ACDB_CMD_GET_AFE_COMMON_TABLE
05-11 23:00:34.298  2011  3332 D         : Failed to fetch the lookup information of the device 0000000E 
05-11 23:00:34.298  2011  3332 D ACDB-LOADER: ACDB -> AUDIO_SET_AFE_CAL
05-11 23:00:34.298  2011  3332 D ACDB-LOADER: ACDB -> send_hw_delay : acdb_id = 14 path = 0
05-11 23:00:34.298  2011  3332 D ACDB-LOADER: ACDB -> ACDB_AVSYNC_INFO: ACDB_CMD_GET_DEVICE_PROPERTY
05-11 23:00:34.299  2011  3332 D audio_hw_primary: enable_snd_device: snd_device(2: speaker)
05-11 23:00:34.305  2011  3332 D audio_hw_primary: enable_audio_route: usecase(1) apply and update mixer path: low-latency-playback
05-11 23:00:34.306  2011  3332 V msm8974_platform: platform_get_backend_index:napb: backend port - 0 device - 2 
05-11 23:00:34.306  2011  3332 I audio_hw_utils: Set Audio Stream 12 App Type Cfg: app_type 69936 (DEFAULT), acdb_dev_id 14, sample_rate 48000
05-11 23:00:34.308  3612  3612 I TrustAgent: [HomeAddressChangeTracker] User Present. Maybe fetch home.
05-11 23:00:34.311  3612  3612 I TrustAgent: [HomeAddressChangeTracker] fetch for account misaelurquieta198@hotmail.com
05-11 23:00:34.319  3612  3612 I TrustAgent: [HomeFetcher] return existing home address!
05-11 23:00:34.319  3612  3612 I TrustAgent: [HomeAddressChangeTracker] fetch for account misaelurquietayt@gmail.com
05-11 23:00:34.319  3612  3612 I TrustAgent: [HomeFetcher] return existing home address!
05-11 23:00:34.319  3612  3612 I TrustAgent: [HomeAddressChangeTracker] fetch for account epiria107@gmail.com
05-11 23:00:34.319  3612  3612 I TrustAgent: [HomeFetcher] return existing home address!
05-11 23:00:34.351  3184  3184 D StatusBar: DozeServiceHost: notifyFpsError
05-11 23:00:34.360  3184  3184 D StatusBar: disable<e i a s b h!r!c s q >
05-11 23:00:34.391  3960 28665 I SystemUpdate: [Installation,ReceiverIntentOperation] Received intent: Intent { act=android.intent.action.USER_PRESENT flg=0x24200010 cmp=com.google.android.gms/.chimera.GmsIntentOperationService }.
05-11 23:00:34.415  3960 28663 I SystemUpdate: [Execution,InstallationEventIntentOperation] Handling event of type 11.
05-11 23:00:34.430  3960 28667 I SystemUpdate: [Execution,InstallationIntentOperation] Received intent: Intent { act=com.google.android.gms.update.INSTALL_UPDATE cat=[targeted_intent_op_prefix:.update.execution.InstallationIntentOperation] cmp=com.google.android.gms/.chimera.GmsIntentOperationService }.
05-11 23:00:34.438  2413  2916 D BatteryService: uevent={POWER_SUPPLY_VOLTAGE_NOW=4300512, POWER_SUPPLY_CHARGE_RATE=Normal, POWER_SUPPLY_HEALTH=Good, POWER_SUPPLY_CURRENT_NOW=28381, POWER_SUPPLY_PRESENT=1, SUBSYSTEM=power_supply, POWER_SUPPLY_TEMP=320, SEQNUM=56189, ACTION=change, POWER_SUPPLY_NAME=battery, POWER_SUPPLY_STATUS=Charging, POWER_SUPPLY_CHARGE_COUNTER=3830026, POWER_SUPPLY_CAPACITY=94, DEVPATH=/devices/soc/qpnp-smbcharger-17/power_supply/battery}
05-11 23:00:34.439  3184  3336 W Adreno-EGL: <qeglDrvAPI_eglGetConfigAttrib:612>: EGL_BAD_ATTRIBUTE
05-11 23:00:34.447  3960 28667 I SystemUpdate: [Execution,ExecutionManager] Action finished-execution executed for 0.00 seconds.
05-11 23:00:34.525 25885 28424 W ModuleInitIntentOp: Dropping unexpected action com.google.android.gms.phenotype.COMMITTED
05-11 23:00:34.530  2413  2546 I ActivityManager: Start proc 28675:android.process.media/u0a23 for broadcast com.android.providers.media/.MtpReceiver
05-11 23:00:34.546  5771 28672 I PTCommittedOperation: Receive new configuration for com.google.android.gms.tapandpay
05-11 23:00:34.555   550   550 D SurfaceFlinger: Backpressure trigger, skipping transaction & refresh!
05-11 23:00:34.562  7941  7956 W zygote  : Checksum mismatch for dex Launcher3.apk
05-11 23:00:34.562  7941  7956 W zygote  : Checksum mismatch for dex Launcher3.apk
05-11 23:00:34.564  2413  2916 D BatteryService: uevent={POWER_SUPPLY_VOLTAGE_NOW=4300512, POWER_SUPPLY_CHARGE_RATE=Normal, POWER_SUPPLY_HEALTH=Good, POWER_SUPPLY_CURRENT_NOW=28381, POWER_SUPPLY_PRESENT=1, SUBSYSTEM=power_supply, POWER_SUPPLY_TEMP=322, SEQNUM=56193, ACTION=change, POWER_SUPPLY_NAME=battery, POWER_SUPPLY_STATUS=Charging, POWER_SUPPLY_CHARGE_COUNTER=3830026, POWER_SUPPLY_CAPACITY=94, DEVPATH=/devices/soc/qpnp-smbcharger-17/power_supply/battery}
05-11 23:00:34.590  5771 28671 I PTCommittedOperation: Receive new configuration for com.google.android.gms.places
05-11 23:00:34.607  5771 28673 I PTCommittedOperation: Receive new configuration for com.google.android.gms.people
05-11 23:00:34.616  5771 28674 I PTCommittedOperation: Receive new configuration for com.google.android.gms.usagereporting
05-11 23:00:34.621  5771 28672 I PTCommittedOperation: Receive new configuration for com.google.android.metrics
05-11 23:00:34.625  2053  2291 D APM_AudioPolicyManager: stopOutput() output 13, stream 1, session 7385
05-11 23:00:34.655  5771 28688 I PTCommittedOperation: Receive new configuration for com.google.android.gms.backup
05-11 23:00:34.668  5771 28683 I PTCommittedOperation: Receive new configuration for com.google.android.gms.nearby
05-11 23:00:34.682  7941  9540 W OpenGLRenderer: Incorrectly called buildLayer on View: ShortcutAndWidgetContainer, destroying layer...
05-11 23:00:34.682  7941  9540 W OpenGLRenderer: Incorrectly called buildLayer on View: ShortcutAndWidgetContainer, destroying layer...
05-11 23:00:34.704  5771 28683 I PTCommittedOperation: Receive new configuration for com.google.android.gms.herrevad
05-11 23:00:34.705   501  1133 D NativeSensors: CapSensor:  mPendingEvent.distance=0.000000
05-11 23:00:34.732  5771 28683 I PTCommittedOperation: Receive new configuration for com.google.android.gms.car
05-11 23:00:34.752  5771 28683 I PTCommittedOperation: Receive new configuration for com.google.android.gms.gcm
05-11 23:00:34.769  5771 28674 I PTCommittedOperation: Receive new configuration for com.google.android.gms.constellation
05-11 23:00:34.788  5771 28688 I PTCommittedOperation: Receive new configuration for com.google.android.gms.instantapps
05-11 23:00:34.796  5771 28684 I PTCommittedOperation: Receive new configuration for com.google.android.gms.icing
05-11 23:00:34.798 28489 28504 I zygote  : Waiting for a blocking GC ProfileSaver
05-11 23:00:34.825 28489 28504 I zygote  : WaitForGcToComplete blocked for 27.030ms for cause ProfileSaver
05-11 23:00:34.837  3184  3184 D StatusBar: disable<e i a s b h r c s q >
05-11 23:00:34.882  3184  3336 W Adreno-EGL: <qeglDrvAPI_eglGetConfigAttrib:612>: EGL_BAD_ATTRIBUTE
05-11 23:00:34.910  3612  3622 I zygote  : Background concurrent copying GC freed 187913(8MB) AllocSpace objects, 51(2MB) LOS objects, 50% free, 13MB/27MB, paused 319us total 389.865ms
05-11 23:00:34.927  2068  2966 D NuPlayerDriver: stop(0xafca8310)
05-11 23:00:34.927  2068  2966 D NuPlayerDriver: notifyListener_l(0xafca8310), (8, 0, 0, -1), loop setting(0, 0)
05-11 23:00:34.929  3184  3184 D StatusBar: disable<e i a s b h r c s q >
05-11 23:00:34.930  3184  8967 W MessageQueue: Handler (android.media.MediaPlayer$EventHandler) {32024ef} sending message to a Handler on a dead thread
05-11 23:00:34.930  3184  8967 W MessageQueue: java.lang.IllegalStateException: Handler (android.media.MediaPlayer$EventHandler) {32024ef} sending message to a Handler on a dead thread
05-11 23:00:34.930  3184  8967 W MessageQueue: 	at android.os.MessageQueue.enqueueMessage(MessageQueue.java:547)
05-11 23:00:34.930  3184  8967 W MessageQueue: 	at android.os.Handler.enqueueMessage(Handler.java:661)
05-11 23:00:34.930  3184  8967 W MessageQueue: 	at android.os.Handler.sendMessageAtTime(Handler.java:630)
05-11 23:00:34.930  3184  8967 W MessageQueue: 	at android.os.Handler.sendMessageDelayed(Handler.java:600)
05-11 23:00:34.930  3184  8967 W MessageQueue: 	at android.os.Handler.sendMessage(Handler.java:537)
05-11 23:00:34.930  3184  8967 W MessageQueue: 	at android.media.MediaPlayer.postEventFromNative(MediaPlayer.java:3445)
05-11 23:00:34.935  3184 28707 V MediaPlayer: resetDrmState:  mDrmInfo=null mDrmProvisioningThread=null mPrepareDrmInProgress=false mActiveDrmScheme=false
05-11 23:00:34.935  3184 28707 V MediaPlayer: cleanDrmObj: mDrmObj=null mDrmSessionId=null
05-11 23:00:34.935  2068  2966 D NuPlayerDriver: reset(0xafca8310) at state 8
05-11 23:00:34.947  2068 25759 I MediaCodec: (0xafcbb000) flush
05-11 23:00:34.961  2068 25759 I MediaCodec: (0xafcbb000) release
05-11 23:00:34.975   512   512 D QTI PowerHAL: JDG: 907
05-11 23:00:34.982  2068 25753 D NuPlayerDriver: notifyResetComplete(0xafca8310)
05-11 23:00:34.989 28489 28499 I zygote  : WaitForGcToComplete blocked for 69.241ms for cause HeapTrim
05-11 23:00:35.211   501  1133 D NativeSensors: CapSensor:  mPendingEvent.distance=1.000000
05-11 23:00:35.222  2329  2329 I adbd    : Calling send_auth_request...
05-11 23:00:35.253  2413  3243 I ActivityManager: Killing 27762:com.android.vending:instant_app_installer/u0a53 (adj 906): empty #17
05-11 23:00:35.272   501  1133 D NativeSensors: CapSensor:  mPendingEvent.distance=0.000000
05-11 23:00:35.285  2329  2329 I adbd    : Loading keys from /data/misc/adb/adb_keys
05-11 23:00:35.385   517   517 E WifiHAL : wifi_get_logger_supported_feature_set: Error -3 happened. 
05-11 23:00:35.404  2413  4865 E BatteryStatsService: no controller energy info supplied
05-11 23:00:35.404  2413  4865 E BatteryStatsService: no controller energy info supplied
05-11 23:00:35.411  2413  3026 I ActivityManager: Start proc 28717:android.process.media/u10a23 for broadcast com.android.providers.media/.MtpReceiver
05-11 23:00:35.415  2413  3026 I ActivityManager: Killing 27896:com.motorola.invisiblenet/u0a37 (adj 906): empty #17
05-11 23:00:35.420  2413  4865 E KernelCpuSpeedReader: Failed to read cpu-freq stats for CPUs 4-7
05-11 23:00:35.443  2413  4865 E BatteryStatsService: modem info is invalid: ModemActivityInfo{ mTimestamp=136603488 mSleepTimeMs=127537957 mIdleTimeMs=-127521457 mTxTimeMs[]=[0, 0, 0, 0, 0] mRxTimeMs=798 mEnergyUsed=0}
05-11 23:00:35.482  2413  2549 W Looper  : Dispatch took 105ms on android.ui, h=Handler (com.android.server.am.ActivityManagerService$UiHandler) {e585926} cb=null msg=53
05-11 23:00:35.483  2413  4863 W ActivityManager: Background start not allowed: service Intent { cmp=com.google.android.apps.messaging/.shared.datamodel.action.execution.ActionExecutorImpl$EmptyService } to com.google.android.apps.messaging/.shared.datamodel.action.execution.ActionExecutorImpl$EmptyService from pid=28434 uid=1010101 pkg=com.google.android.apps.messaging
05-11 23:00:35.488 28434 28434 W BugleDataModel: ActionExecutorImpl: Action started execution, but we can't guarantee it will complete, the app may be killed. Action: class com.google.android.apps.messaging.shared.datamodel.action.FixupMessageStatusOnStartupAction-FixupMessageStatusOnStartupAction:136597522001
05-11 23:00:35.488 28434 28434 W BugleDataModel: java.lang.IllegalStateException: Not allowed to start service Intent { cmp=com.google.android.apps.messaging/.shared.datamodel.action.execution.ActionExecutorImpl$EmptyService }: app is in background uid UidRecord{9252035 u10a101 CEM  idle procs:2 seq(0,0,0)}
05-11 23:00:35.488 28434 28434 W BugleDataModel: 	at android.app.ContextImpl.startServiceCommon(ContextImpl.java:1520)
05-11 23:00:35.488 28434 28434 W BugleDataModel: 	at android.app.ContextImpl.startService(ContextImpl.java:1476)
05-11 23:00:35.488 28434 28434 W BugleDataModel: 	at android.content.ContextWrapper.startService(ContextWrapper.java:644)
05-11 23:00:35.488 28434 28434 W BugleDataModel: 	at com.google.android.apps.messaging.shared.datamodel.action.execution.ActionExecutorImpl.a(SourceFile:21)
05-11 23:00:35.488 28434 28434 W BugleDataModel: 	at com.google.android.apps.messaging.shared.datamodel.action.execution.ActionExecutorImpl.a(SourceFile:17)
05-11 23:00:35.488 28434 28434 W BugleDataModel: 	at dxb.c(SourceFile:12)
05-11 23:00:35.488 28434 28434 W BugleDataModel: 	at dxc.run(Unknown Source:1)
