05-11 23:00:35.488 28434 28434 W BugleDataModel: 	at android.os.Handler.handleCallback(Handler.java:789)
05-11 23:00:35.488 28434 28434 W BugleDataModel: 	at android.os.Handler.dispatchMessage(Handler.java:98)
05-11 23:00:35.488 28434 28434 W BugleDataModel: 	at android.os.Looper.loop(Looper.java:164)
05-11 23:00:35.488 28434 28434 W BugleDataModel: 	at android.app.ActivityThread.main(ActivityThread.java:6694)
05-11 23:00:35.488 28434 28434 W BugleDataModel: 	at java.lang.reflect.Method.invoke(Native Method)
05-11 23:00:35.488 28434 28434 W BugleDataModel: 	at com.android.internal.os.Zygote$MethodAndArgsCaller.run(Zygote.java:240)
05-11 23:00:35.488 28434 28434 W BugleDataModel: 	at com.android.internal.os.ZygoteInit.main(ZygoteInit.java:769)
05-11 23:00:35.496  2413  4865 W ActivityManager: Background start not allowed: service Intent { cmp=com.google.android.apps.messaging/.shared.datamodel.action.execution.ActionExecutorImpl$EmptyService } to com.google.android.apps.messaging/.shared.datamodel.action.execution.ActionExecutorImpl$EmptyService from pid=28434 uid=1010101 pkg=com.google.android.apps.messaging
05-11 23:00:35.513  2413  3243 I ActivityManager: Killing 27916:com.motorola.invisiblenet/u10a37 (adj 906): empty #17
05-11 23:00:35.560  3704  3704 D SlpcSystem: UserTriggerProxRecalReceiver action: com.motorola.UNLOCK_SUCCESS
05-11 23:00:35.565  3704  3704 I SlpcSystemJNI: JNI_triggerProxRecal:77 JNI_triggerProxRecal
05-11 23:00:35.587   501   797 D SLPI-EPL259X: Starting Unlock Prox Cal, Current PDATA 122, PILT 369, PIHT 619
05-11 23:00:35.588   501   797 D SLPI-EPL259X: Prox Cal complete, New PDATA 122, POFFSET 250, PILT 372, PIHT 622
05-11 23:00:35.588  3704 28731 I SlpcSystemJNI: notify_data_cb:51 JNI_triggerProxRecal sensor1 responded
05-11 23:00:35.589  2413  2450 W BroadcastQueue: Background execution not allowed: receiving Intent { act=android.intent.action.USER_PRESENT flg=0x24200010 } to com.google.android.gms/.auth.setup.devicesignals.LockScreenReceiver
05-11 23:00:35.590  2413  2546 W BroadcastQueue: Background execution not allowed: receiving Intent { act=android.intent.action.USER_PRESENT flg=0x24200010 } to com.google.android.gms/.trustagent.UserPresentBroadcastReceiver
05-11 23:00:35.591  2413  2546 W BroadcastQueue: Background execution not allowed: receiving Intent { act=android.intent.action.USER_PRESENT flg=0x24200010 } to com.google.android.gms/.chimera.GmsIntentOperationService$PersistentTrustedReceiver
05-11 23:00:35.592  2413  2546 W BroadcastQueue: Background execution not allowed: receiving Intent { act=android.intent.action.USER_PRESENT flg=0x24200010 } to com.instagram.android/com.instagram.push.fbns.FbnsInitBroadcastReceiver
05-11 23:00:35.597  3415  3449 I zygote  : Background concurrent copying GC freed 39990(2MB) AllocSpace objects, 17(1240KB) LOS objects, 49% free, 3MB/7MB, paused 3.156ms total 110.213ms
05-11 23:00:35.642 28434 28434 W BugleDataModel: ActionExecutorImpl: Action started execution, but we can't guarantee it will complete, the app may be killed. Action: class com.google.android.apps.messaging.shared.datamodel.action.ProcessPendingMessagesAction-ProcessPendingMessagesAction:136597522002
05-11 23:00:35.642 28434 28434 W BugleDataModel: java.lang.IllegalStateException: Not allowed to start service Intent { cmp=com.google.android.apps.messaging/.shared.datamodel.action.execution.ActionExecutorImpl$EmptyService }: app is in background uid UidRecord{9252035 u10a101 CEM  idle procs:2 seq(0,0,0)}
05-11 23:00:35.642 28434 28434 W BugleDataModel: 	at android.app.ContextImpl.startServiceCommon(ContextImpl.java:1520)
05-11 23:00:35.642 28434 28434 W BugleDataModel: 	at android.app.ContextImpl.startService(ContextImpl.java:1476)
05-11 23:00:35.642 28434 28434 W BugleDataModel: 	at android.content.ContextWrapper.startService(ContextWrapper.java:644)
05-11 23:00:35.642 28434 28434 W BugleDataModel: 	at com.google.android.apps.messaging.shared.datamodel.action.execution.ActionExecutorImpl.a(SourceFile:21)
05-11 23:00:35.642 28434 28434 W BugleDataModel: 	at com.google.android.apps.messaging.shared.datamodel.action.execution.ActionExecutorImpl.a(SourceFile:17)
05-11 23:00:35.642 28434 28434 W BugleDataModel: 	at dxb.c(SourceFile:12)
05-11 23:00:35.642 28434 28434 W BugleDataModel: 	at dxc.run(Unknown Source:1)
05-11 23:00:35.642 28434 28434 W BugleDataModel: 	at android.os.Handler.handleCallback(Handler.java:789)
05-11 23:00:35.642 28434 28434 W BugleDataModel: 	at android.os.Handler.dispatchMessage(Handler.java:98)
05-11 23:00:35.642 28434 28434 W BugleDataModel: 	at android.os.Looper.loop(Looper.java:164)
05-11 23:00:35.642 28434 28434 W BugleDataModel: 	at android.app.ActivityThread.main(ActivityThread.java:6694)
05-11 23:00:35.642 28434 28434 W BugleDataModel: 	at java.lang.reflect.Method.invoke(Native Method)
05-11 23:00:35.642 28434 28434 W BugleDataModel: 	at com.android.internal.os.Zygote$MethodAndArgsCaller.run(Zygote.java:240)
05-11 23:00:35.642 28434 28434 W BugleDataModel: 	at com.android.internal.os.ZygoteInit.main(ZygoteInit.java:769)
05-11 23:00:35.650   512   512 D QTI PowerHAL: JDG: 793
05-11 23:00:35.704 28434 28527 I BugleDataModel: FixupMessageStatusOnStartupAction: sendFailedCnt: 0, downloadFailedCnt: 0, partsProcessingFailedCnt: 0
05-11 23:00:35.706 28434 28527 W BugleDataModel: PendingMessagesProcessor: ProcessPendingMessagesAction: skipped - not default SMS app
05-11 23:00:35.706 28434 28527 W BugleDataModel: PendingMessagesProcessor: ProcessPendingMessagesAction: skipped - not default SMS app
05-11 23:00:35.742 28535 28550 I zygote  : Waiting for a blocking GC ProfileSaver
05-11 23:00:35.818 25885 28696 W ModuleInitIntentOp: Dropping unexpected action com.google.android.gms.phenotype.COMMITTED
05-11 23:00:35.839 25885 28698 W ModuleInitIntentOp: Dropping unexpected action com.google.android.gms.phenotype.COMMITTED
05-11 23:00:35.881  2413  2433 I zygote  : Background concurrent copying GC freed 53721(2MB) AllocSpace objects, 12(724KB) LOS objects, 42% free, 22MB/39MB, paused 1.001ms total 391.020ms
05-11 23:00:35.903 25885 28736 W ModuleInitIntentOp: Dropping unexpected action com.google.android.gms.phenotype.COMMITTED
05-11 23:00:35.920 25885 28737 W ModuleInitIntentOp: Dropping unexpected action com.google.android.gms.phenotype.COMMITTED
05-11 23:00:35.940 25885 28698 W ModuleInitIntentOp: Dropping unexpected action com.google.android.gms.phenotype.COMMITTED
05-11 23:00:35.956 25885 28741 W ModuleInitIntentOp: Dropping unexpected action com.google.android.gms.phenotype.COMMITTED
05-11 23:00:36.056 25885 28670 W ModuleInitIntentOp: Dropping unexpected action com.google.android.gms.phenotype.COMMITTED
05-11 23:00:36.075  6778  6788 I zygote  : Background concurrent copying GC freed 10693(1231KB) AllocSpace objects, 8(160KB) LOS objects, 65% free, 817KB/2MB, paused 28.357ms total 92.367ms
05-11 23:00:36.127 25885 28743 W ModuleInitIntentOp: Dropping unexpected action com.google.android.gms.phenotype.COMMITTED
05-11 23:00:36.128 25885 28743 D CAR.SETUP: Received Car Phenotype committed intent.
05-11 23:00:36.144  2413  8216 I ActivityManager: Killing 27950:com.motorola.moto:context_engine/u0a45 (adj 906): empty #17
05-11 23:00:36.158  2413  3243 I ActivityManager: Killing 27977:com.motorola.moto:context_engine/u10a45 (adj 906): empty #17
05-11 23:00:36.192   550   817 I SFPerfTracer:      triggers: (rate: 0:0) (48487 sw vsyncs) (0 skipped) (18:1153517 vsyncs) (20:1367790)
05-11 23:00:36.194 25885 28743 I CAR.SETUP: update Car DrivingMode components to false
05-11 23:00:36.232 28535 28550 I zygote  : Waiting for a blocking GC ProfileSaver
05-11 23:00:36.238  6778  6823 I MCLOG   : DeviceLockStatsAction : onReceiveImpl() action:com.motorola.UNLOCK_SUCCESS
05-11 23:00:36.238  2413  8216 W ActivityManager: Background start not allowed: service Intent { cmp=com.google.android.apps.messaging/.shared.datamodel.action.execution.ActionExecutorImpl$EmptyService } to com.google.android.apps.messaging/.shared.datamodel.action.execution.ActionExecutorImpl$EmptyService from pid=28434 uid=1010101 pkg=com.google.android.apps.messaging
05-11 23:00:36.240 28434 28434 W BugleDataModel: ActionExecutorImpl: Action started execution, but we can't guarantee it will complete, the app may be killed. Action: class com.google.android.apps.messaging.shared.datamodel.action.GenericWorkerQueueAction-GenericWorkerQueueAction:136597522008
05-11 23:00:36.240 28434 28434 W BugleDataModel: java.lang.IllegalStateException: Not allowed to start service Intent { cmp=com.google.android.apps.messaging/.shared.datamodel.action.execution.ActionExecutorImpl$EmptyService }: app is in background uid UidRecord{9252035 u10a101 TRNB idle procs:2 seq(0,0,0)}
05-11 23:00:36.240 28434 28434 W BugleDataModel: 	at android.app.ContextImpl.startServiceCommon(ContextImpl.java:1520)
05-11 23:00:36.240 28434 28434 W BugleDataModel: 	at android.app.ContextImpl.startService(ContextImpl.java:1476)
05-11 23:00:36.240 28434 28434 W BugleDataModel: 	at android.content.ContextWrapper.startService(ContextWrapper.java:644)
05-11 23:00:36.240 28434 28434 W BugleDataModel: 	at com.google.android.apps.messaging.shared.datamodel.action.execution.ActionExecutorImpl.a(SourceFile:21)
05-11 23:00:36.240 28434 28434 W BugleDataModel: 	at com.google.android.apps.messaging.shared.datamodel.action.execution.ActionExecutorImpl.a(SourceFile:17)
05-11 23:00:36.240 28434 28434 W BugleDataModel: 	at dxb.c(SourceFile:12)
05-11 23:00:36.240 28434 28434 W BugleDataModel: 	at dxc.run(Unknown Source:1)
05-11 23:00:36.240 28434 28434 W BugleDataModel: 	at android.os.Handler.handleCallback(Handler.java:789)
05-11 23:00:36.240 28434 28434 W BugleDataModel: 	at android.os.Handler.dispatchMessage(Handler.java:98)
05-11 23:00:36.240 28434 28434 W BugleDataModel: 	at android.os.Looper.loop(Looper.java:164)
05-11 23:00:36.240 28434 28434 W BugleDataModel: 	at android.app.ActivityThread.main(ActivityThread.java:6694)
05-11 23:00:36.240 28434 28434 W BugleDataModel: 	at java.lang.reflect.Method.invoke(Native Method)
05-11 23:00:36.240 28434 28434 W BugleDataModel: 	at com.android.internal.os.Zygote$MethodAndArgsCaller.run(Zygote.java:240)
05-11 23:00:36.240 28434 28434 W BugleDataModel: 	at com.android.internal.os.ZygoteInit.main(ZygoteInit.java:769)
05-11 23:00:36.250 25885 28741 W ModuleInitIntentOp: Dropping unexpected action com.google.android.gms.phenotype.COMMITTED
05-11 23:00:36.254 28535 28546 W zygote  : Suspending all threads took: 21.735ms
05-11 23:00:36.255  2413  3243 W ActivityManager: Background start not allowed: service Intent { cmp=com.google.android.apps.messaging/.shared.datamodel.action.execution.ActionExecutorImpl$EmptyService } to com.google.android.apps.messaging/.shared.datamodel.action.execution.ActionExecutorImpl$EmptyService from pid=28434 uid=1010101 pkg=com.google.android.apps.messaging
05-11 23:00:36.255 28535 28550 I zygote  : WaitForGcToComplete blocked for 512.560ms for cause ProfileSaver
05-11 23:00:36.256 25885 28698 W ModuleInitIntentOp: Dropping unexpected action com.google.android.gms.phenotype.COMMITTED
05-11 23:00:36.258   512   512 D QTI PowerHAL: JDG: 1731
05-11 23:00:36.269 25885 28670 W ModuleInitIntentOp: Dropping unexpected action com.google.android.gms.phenotype.COMMITTED
05-11 23:00:36.272 25885 28670 W ModuleInitIntentOp: Dropping unexpected action com.google.android.gms.phenotype.COMMITTED
05-11 23:00:36.282 28434 28527 I ShortcutBadger: Checking if platform supports badge counters, attempt 1/3.
05-11 23:00:36.287 25885 28741 I MobileDataHub: Scheduling periodic tasks
05-11 23:00:36.291 28434 28527 I ShortcutBadger: Checking if platform supports badge counters, attempt 2/3.
05-11 23:00:36.298 28434 28527 I ShortcutBadger: Checking if platform supports badge counters, attempt 3/3.
05-11 23:00:36.314   501  1133 D NativeSensors: CapSensor:  mPendingEvent.distance=0.000000
05-11 23:00:36.314   501  1133 D NativeSensors: CapSensor:  mPendingEvent.distance=1.000000
05-11 23:00:36.333 28434 28527 W ShortcutBadger: Badge counter seems not supported in this platform: unable to resolve intent: Intent { act=android.intent.action.BADGE_COUNT_UPDATE (has extras) }
05-11 23:00:36.337 28535 28546 I zygote  : WaitForGcToComplete blocked for 73.614ms for cause HeapTrim
05-11 23:00:36.460  3184  3184 D StatusBar: disable<e i a s b h r c s q >
05-11 23:00:36.472  2413  3243 I ActivityManager: Killing 28022:com.google.android.partnersetup/u0a34 (adj 906): empty #17
05-11 23:00:36.493  2413  2552 W zygote  : kill(28022, 9) failed: No such process
05-11 23:00:36.523  3184  3184 D StatusBar: disable<e i a s b h r c s q >
05-11 23:00:36.557  3184  3336 W Adreno-EGL: <qeglDrvAPI_eglGetConfigAttrib:612>: EGL_BAD_ATTRIBUTE
05-11 23:00:36.559  2413  8216 I ActivityManager: Killing 28041:com.android.providers.calendar/u0a9 (adj 906): empty #17
05-11 23:00:36.622   550   550 I SFPerfTracer:      triggers: (rate: 2446:210735) (compose: 0:298) (post: 0:772) (render: 0:1087) (90:885299 frames) (91:963999)
05-11 23:00:36.622   550   550 D SFPerfTracer:        layers: (6:8) (StatusBar#0 (0xadb33000): 91:43320) (RoundedOverlay#0 (0xadb35000): 0:806) (RoundedOverlay#1 (0xadb39000): 0:906) (DimLayerController/Stack=0#0 (0xadaae000): 0:523)* (NavigationBar#0 (0xadb45000): 0:3621) (com.android.systemui.ImageWallpaper#0 (0xadb1d000): 0:54) (animation background stackId=1#0 (0xadabb000): 0:12)* (com.motorola.launcher3/com.android.launcher3.CustomizationPanelLauncher#0 (0xadb26000): 0:21) 
05-11 23:00:36.627  3612 27420 E NetworkScheduler.ATC: Called cancelTask for already completed task com.fictionpress.fanfiction/com.firebase.jobdispatcher.GooglePlayReceiver{u=0 tag="101" trigger=window{start=210s,end=240s,earliest=-9s,latest=20s} requirements=[NET_CONNECTED,CHARGING] attributes=[PERSISTED,RECURRING] scheduled=-219s last_run=-5s jid=N/A status=ACTIVE retries=0 client_lib=FIREBASE_JOB_DISPATCHER-1} :RESCHEDULED
05-11 23:00:36.790   501  1133 D NativeSensors: CapSensor:  mPendingEvent.distance=0.000000
05-11 23:00:37.030  2413  8216 W ActivityManager: Permission Denial: service asks to run as user 10 but is calling from user 0; this requires android.permission.INTERACT_ACROSS_USERS_FULL or android.permission.INTERACT_ACROSS_USERS
05-11 23:00:37.031  3612 27419 E NetworkScheduler: Unknown result code received: 4
05-11 23:00:37.701  2011  2281 D audio_hw_primary: disable_audio_route: usecase(1) reset and update mixer path: low-latency-playback
05-11 23:00:37.702  2011  2281 D audio_hw_primary: disable_snd_device: snd_device(2: speaker)
05-11 23:00:37.867  2413  8216 I ActivityManager: Killing 27506:com.google.android.youtube/u0a115 (adj 906): empty #17
05-11 23:00:37.899  2413  3243 D ConnectivityService: ConnectivityService NetworkRequestInfo binderDied(NetworkRequest [ LISTEN id=236, [ Capabilities: INTERNET&NOT_RESTRICTED&TRUSTED&FOREGROUND] ], android.os.BinderProxy@91e9d82)
05-11 23:00:37.900  2413  3092 E ConnectivityService: RemoteException caught trying to send a callback msg for NetworkRequest [ LISTEN id=236, [ Capabilities: INTERNET&NOT_RESTRICTED&TRUSTED&FOREGROUND] ]
05-11 23:00:37.955   512   512 D QTI PowerHAL: JDG: 2127
05-11 23:00:37.987 28592 28610 I zygote  : System.exit called, status: 0
05-11 23:00:37.987 28592 28610 I AndroidRuntime: VM exiting with result code 0, cleanup skipped.
05-11 23:00:38.011  2413 10711 I ActivityManager: Process com.fictionpress.fanfiction (pid 28592) has died: cch  CEM 
05-11 23:00:38.156  2413  2413 I ActivityManager: Start proc 28767:com.google.android.contacts/u10a29 for service com.google.android.contacts/com.google.android.apps.contacts.shortcut.ShortcutJobService
05-11 23:00:38.372   512   512 D QTI PowerHAL: JDG: 3281
05-11 23:00:38.391 28767 28767 W PrimesInit: Primes instant initialization
05-11 23:00:38.392 28767 28794 W Primes  : background initialization
05-11 23:00:38.459 28767 28794 I PrimesTesting: GserviceFlagsSupplier.get()
05-11 23:00:39.357   512   512 D QTI PowerHAL: JDG: 1893
05-11 23:00:39.381   501  1133 D NativeSensors: CapSensor:  mPendingEvent.distance=1.000000
05-11 23:00:39.397 27813 27813 I BgTaskExecutorImpl: Starting EXCLUSIVE background task FETCH_CONFIGS_FROM_PHENOTYPE.
05-11 23:00:39.419  3612 28103 I amsb    : updateFromConfigurations using legacy put method [CONTEXT service_id=51 ]
05-11 23:00:39.590   501  1133 D NativeSensors: CapSensor:  mPendingEvent.distance=0.000000
05-11 23:00:39.684   550   817 I SFPerfTracer:      triggers: (rate: 0:0) (48487 sw vsyncs) (0 skipped) (81:1153618 vsyncs) (83:1367900)
05-11 23:00:39.740  2413  4871 I ActivityManager: START u0 {act=android.intent.action.MAIN cat=[android.intent.category.LAUNCHER] flg=0x10200000 cmp=com.iot/.MainActivity bnds=[429,316][567,535]} from uid 10039
05-11 23:00:39.742   526 28811 I Thermal-Lib: Thermal-Lib-Client: Client request sent
05-11 23:00:39.747  2049  2138 I ThermalEngine: Thermal-Server: Thermal received msg from  override
05-11 23:00:39.776  3612 28103 I amsb    : updateFromConfigurations using legacy put method [CONTEXT service_id=51 ]
05-11 23:00:39.777  3612 28103 I amtx    : Scheduling adaptive one off task with window [14400, 604800] in seconds [CONTEXT service_id=51 ]
05-11 23:00:39.782  2413  3458 I ActivityManager: Start proc 28813:com.iot/u0a123 for activity com.iot/.MainActivity
05-11 23:00:39.790  2413  2546 I ActivityManager: Killing 28115:com.android.chrome/u10a86 (adj 906): empty #17
05-11 23:00:39.815  2413  3458 I ActivityManager: Killing 27068:com.motorola.moto/u10a45 (adj 906): empty #17
05-11 23:00:39.899 18852 18900 I Finsky  : [5228] iet.run(3): Stats for Executor: BlockingExecutor iga@3b58b4[Running, pool size = 2, active threads = 0, queued tasks = 0, completed tasks = 18]
05-11 23:00:39.900 18852 18900 I Finsky  : [5228] iet.run(3): Stats for Executor: LightweightExecutor iga@d83ccdd[Running, pool size = 3, active threads = 0, queued tasks = 0, completed tasks = 61]
05-11 23:00:40.073 28813 28830 D OpenGLRenderer: HWUI GL Pipeline
05-11 23:00:40.085 18852 18900 I Finsky  : [5228] iet.run(3): Stats for Executor: bgExecutor iga@977c052[Running, pool size = 4, active threads = 0, queued tasks = 0, completed tasks = 46]
05-11 23:00:40.144   550   550 I SFPerfTracer:      triggers: (rate: 2446:210739) (compose: 0:298) (post: 0:772) (render: 0:1087) (16:885404 frames) (17:964112)
05-11 23:00:40.145   550   550 D SFPerfTracer:        layers: (7:9) (StatusBar#0 (0xadb33000): 14:43336) (RoundedOverlay#0 (0xadb35000): 0:806) (RoundedOverlay#1 (0xadb39000): 0:906) (DimLayerController/Stack=0#0 (0xadaae000): 0:523)* (NavigationBar#0 (0xadb45000): 13:3634) (com.android.systemui.ImageWallpaper#0 (0xadb1d000): 0:54) (animation background stackId=1#0 (0xadabb000): 0:12)* (com.motorola.launcher3/com.android.launcher3.CustomizationPanelLauncher#0 (0xadb26000): 1:112) (Splash Screen com.iot#0 (0xada83000): 17:19) 
05-11 23:00:40.172 28813 28830 I Adreno-EGL: <qeglDrvAPI_eglInitialize:379>: QUALCOMM Build: 02/27/18, 3273d9c, I0b59f3a7cf
05-11 23:00:40.234 27813 27874 I ModelDownloadListener: Schdedule model download
05-11 23:00:40.245 27813 27813 I BgTaskExecutorImpl: Starting EXCLUSIVE background task UPDATE_HOTWORD_MODELS.
05-11 23:00:40.245 28813 28830 I OpenGLRenderer: Initialized EGL, version 1.4
05-11 23:00:40.245 28813 28830 D OpenGLRenderer: Swap behavior 2
05-11 23:00:40.256 27813 28012 I ModelDownloadController: requestHotwordModelUpdate modelType-OK_GOOGLE modelLocale-es-US
05-11 23:00:40.261 27813 27874 I EngineIdGenerator: Refusing EXCLUSIVE task INTERNAL_PERIODIC_TASK_SYNC, it is already pending. Try again in 333 seconds.
05-11 23:00:40.263 27813 28012 I ModelDownloadController: We already downloaded model from given location.
05-11 23:00:40.263 27813 28012 I ModelDownloadController: Handle the downloaded hotword model
05-11 23:00:40.263 27813 28012 I ModelDownloadController: the model is already used
05-11 23:00:40.263 27813 28012 I ModelDownloadController: Model download failed
05-11 23:00:40.264 27813 27874 I OpaEligibilityChecker: send OpaEligibilityChange broadcast to CommonBroadcastReceiver
05-11 23:00:40.264 27813 27995 W SearchServiceCore: Abort, client detached.
05-11 23:00:40.265 27813 27995 W SearchServiceCore: Abort, client detached.
05-11 23:00:40.306  3960 22998 I Icing   : IndexChimeraService.getServiceInterface callingPackage=com.google.android.googlequicksearchbox componentName=agsa_icing_connection serviceId=SEARCH_QUERIES
05-11 23:00:40.311 28813 28830 W Adreno-EGL: <qeglDrvAPI_eglGetConfigAttrib:612>: EGL_BAD_ATTRIBUTE
05-11 23:00:40.321  3960 22998 I Icing   : IndexChimeraService.getServiceInterface callingPackage=com.google.android.googlequicksearchbox componentName=agsa_icing_connection serviceId=GLOBAL_SEARCH_ADMIN
05-11 23:00:40.424   501  1133 D NativeSensors: CapSensor:  mPendingEvent.distance=1.000000
05-11 23:00:40.447  2413  2645 I LaunchCheckinHandler: Displayed com.iot/.MainActivity,cp,ca,679
05-11 23:00:40.448  2413  2645 I ActivityManager: Displayed com.iot/.MainActivity: +649ms
05-11 23:00:40.459  2413  8216 W Binder  : Outgoing transactions from this process must be FLAG_ONEWAY
05-11 23:00:40.459  2413  8216 W Binder  : java.lang.Throwable
05-11 23:00:40.459  2413  8216 W Binder  : 	at android.os.BinderProxy.transact(Binder.java:736)
05-11 23:00:40.459  2413  8216 W Binder  : 	at android.app.assist.AssistStructure$ParcelTransferReader.fetchData(AssistStructure.java:407)
05-11 23:00:40.459  2413  8216 W Binder  : 	at android.app.assist.AssistStructure$ParcelTransferReader.go(AssistStructure.java:343)
05-11 23:00:40.459  2413  8216 W Binder  : 	at android.app.assist.AssistStructure.ensureData(AssistStructure.java:2110)
05-11 23:00:40.459  2413  8216 W Binder  : 	at com.android.server.autofill.Session$1.send(Session.java:200)
05-11 23:00:40.459  2413  8216 W Binder  : 	at com.android.server.am.ActivityManagerService.reportAssistContextExtras(ActivityManagerService.java:13486)
05-11 23:00:40.459  2413  8216 W Binder  : 	at android.app.IActivityManager$Stub.onTransact(IActivityManager.java:2467)
05-11 23:00:40.459  2413  8216 W Binder  : 	at com.android.server.am.ActivityManagerService.onTransact(ActivityManagerService.java:3082)
05-11 23:00:40.459  2413  8216 W Binder  : 	at android.os.Binder.execTransact(Binder.java:674)
05-11 23:00:40.461 28813 28813 I AssistStructure: Flattened final assist data: 1632 bytes, containing 1 windows, 6 views
05-11 23:00:40.467  3960 21315 I Icing   : Usage reports ok 1, Failed Usage reports 0, indexed 0, rejected 0, imm upload true
05-11 23:00:40.495  2413  7930 I AssistStructure: Flattened final assist data: 1532 bytes, containing 1 windows, 6 views
05-11 23:00:40.500  3960 21315 I Icing   : Usage reports ok 0, Failed Usage reports 0, indexed 0, rejected 0, imm upload true
05-11 23:00:40.543   501  1133 D NativeSensors: CapSensor:  mPendingEvent.distance=2.000000
05-11 23:00:40.577 27813 27995 W SearchServiceCore: Abort, client detached.
05-11 23:00:40.578 27813 27995 I chatty  : uid=10068(u0_a68) EventBus0 identical 1 line
05-11 23:00:40.579 27813 27995 W SearchServiceCore: Abort, client detached.
05-11 23:00:40.591  2413  7930 I ActivityManager: Killing 28174:com.google.android.partnersetup/u10a34 (adj 906): empty #17
05-11 23:00:41.101  3612  3622 I zygote  : Background concurrent copying GC freed 257885(12MB) AllocSpace objects, 43(2MB) LOS objects, 49% free, 13MB/26MB, paused 266us total 150.673ms
05-11 23:00:41.407   501  1133 D NativeSensors: CapSensor:  mPendingEvent.distance=1.000000
05-11 23:00:41.556   501  1133 D NativeSensors: CapSensor:  mPendingEvent.distance=0.000000
05-11 23:00:41.923   550   817 I SFPerfTracer:      triggers: (rate: 0:0) (48487 sw vsyncs) (0 skipped) (117:1153739 vsyncs) (119:1368025)
05-11 23:00:42.152   501  1133 D NativeSensors: CapSensor:  mPendingEvent.distance=1.000000
05-11 23:00:42.300   501  1133 D NativeSensors: CapSensor:  mPendingEvent.distance=1.000000
05-11 23:00:42.330   501  1133 D NativeSensors: CapSensor:  mPendingEvent.distance=2.000000
05-11 23:00:42.420   501  1133 D NativeSensors: CapSensor:  mPendingEvent.distance=1.000000
05-11 23:00:42.604  2413  3458 I ActivityManager: Killing 27201:com.android.printspooler/u0a109 (adj 906): empty #17
05-11 23:00:42.741   526 28838 I Thermal-Lib: Thermal-Lib-Client: Client request sent
05-11 23:00:42.741  2049  2138 I ThermalEngine: Thermal-Server: Thermal received msg from  override
05-11 23:00:43.254   501  1133 D NativeSensors: CapSensor:  mPendingEvent.distance=0.000000
05-11 23:00:43.268  2413  3135 E TaskPersister: File error accessing recents directory (directory doesn't exist?).
05-11 23:00:43.344   501  1133 D NativeSensors: CapSensor:  mPendingEvent.distance=0.000000
05-11 23:00:43.582   501  1133 D NativeSensors: CapSensor:  mPendingEvent.distance=1.000000
05-11 23:00:43.671   501  1133 D NativeSensors: CapSensor:  mPendingEvent.distance=2.000000
05-11 23:00:43.671   501  1133 D NativeSensors: CapSensor:  mPendingEvent.distance=1.000000
05-11 23:00:43.790   501  1133 D NativeSensors: CapSensor:  mPendingEvent.distance=0.000000
05-11 23:00:44.378 28064 28169 I WorkerManager: dispose()
05-11 23:00:44.382 28064 28169 W ThreadPoolDumper: Queue length for executor EventBus is now 11. Perhaps some tasks are too long, or the pool is too small.
05-11 23:00:44.795  3165  3165 I KeyboardViewUtil: systemKeyboardHeightRatio:1.000000; userKeyboardHeightRatio:1.000000.
05-11 23:00:44.799  3165  3165 I AndroidIME: LatinIme.onActivate() : EditorInfo = Package = com.iot : Type = Text : Learning = Enable : Suggestion = Show : AutoCorrection = Enable : Microphone = Show : NoPersonalizedLearning = Disable
05-11 23:00:44.837  3165  3165 I Tiresias: beginSession():
05-11 23:00:44.904  3165  6487 W Adreno-EGL: <qeglDrvAPI_eglGetConfigAttrib:612>: EGL_BAD_ATTRIBUTE
05-11 23:00:45.198   550   550 D SurfaceFlinger: Backpressure trigger, skipping transaction & refresh!
05-11 23:00:45.619  2413  2643 W RemoteFillService: Not handling { when=-5ms what=3 target=com.android.internal.os.HandlerCaller$MyHandler hashCode=b65b5d8 } as service for ComponentInfo{com.google.android.gms/com.google.android.gms.autofill.service.AutofillService} is already destroyed
05-11 23:00:45.746  3165  3245 D SharedPreferencesImpl: Time required to fsync /data/user/0/com.google.android.inputmethod.latin/shared_prefs/com.google.android.inputmethod.latin_preferences.xml: [<1: 9, <2: 60, <4: 51, <8: 50, <16: 36, <32: 9, <64: 2, <128: 1, <256: 9, <512: 7, <1024: 9, <2048: 1, <4096: 0, <8192: 0, <16384: 0, >=16384: 0]
05-11 23:00:46.001  3395  3501 I QCNEJ   : |CORE| CNE received action RSSI/Link Changed events: android.net.wifi.RSSI_CHANGED
05-11 23:00:46.065  3395  3501 D QCNEJ   : |CORE| Updating RSSI: -66
05-11 23:00:46.226  2047  2465 E hw-IPCThreadState: binder thread pool (1 threads) starved for 153 ms
05-11 23:00:46.246  6615  6615 D MayaFrameworkProxyService: receive intent :Intent { act=android.intent.action.PACKAGE_CHANGED dat=package:com.google.android.gms flg=0x45000010 (has extras) }
05-11 23:00:46.265  5923  6087 I CarrierServices: [4460] cdd.a: FiST: Wifi connectivity status true
05-11 23:00:46.278  5923  6087 I CarrierServices: [4460] cdi.d: Connected state: [1], networkType: [WIFI]
05-11 23:00:46.282  2413  2413 W ResourceType: ResTable_typeSpec entry count inconsistent: given 753, previously 755
05-11 23:00:46.282  2413  2413 W ResourceType: ResTable_typeSpec entry count inconsistent: given 487, previously 492
05-11 23:00:46.282  2413  2413 W ResourceType: ResTable_typeSpec entry count inconsistent: given 335, previously 1259
05-11 23:00:46.282  2413  2413 W ResourceType: ResTable_typeSpec entry count inconsistent: given 219, previously 1037
05-11 23:00:46.331  3446  3446 D CarrierSvcBindHelper: No carrier app for: 0
05-11 23:00:46.331  3446  3446 D ImsResolver: maybeAddedImsService, packageName: com.google.android.gms
05-11 23:00:46.398  2413  2545 W ResourceType: ResTable_typeSpec entry count inconsistent: given 30, previously 38
05-11 23:00:46.406  2413  2545 W ResourceType: ResTable_typeSpec entry count inconsistent: given 30, previously 38
05-11 23:00:46.440 25885 26623 I Icing   : IndexChimeraService.getServiceInterface callingPackage=com.google.android.gms componentName=AppsCorpus serviceId=SEARCH_CORPORA
05-11 23:00:46.443 25885 27879 I Icing   : IndexChimeraService.getServiceInterface callingPackage=com.google.android.gms componentName=AppsCorpus serviceId=SEARCH_QUERIES
05-11 23:00:46.450 25885 28858 I Icing   : updateResources: need to parse aceh{com.google.android.gms}
05-11 23:00:46.456  2413  2413 I TelecomService: DefaultDialerCache: Refreshing default dialer for user 0: now com.google.android.dialer: DDC.oR@JFg
05-11 23:00:46.458  2413  2413 I TelecomService: DefaultDialerCache: Refreshing default dialer for user 10: now com.google.android.dialer: DDC.oR@JFg
05-11 23:00:46.613  2413  2545 W Binder  : Outgoing transactions from this process must be FLAG_ONEWAY
05-11 23:00:46.613  2413  2545 W Binder  : java.lang.Throwable
05-11 23:00:46.613  2413  2545 W Binder  : 	at android.os.BinderProxy.transact(Binder.java:736)
05-11 23:00:46.613  2413  2545 W Binder  : 	at com.android.internal.location.ILocationProvider$Stub$Proxy.getProperties(ILocationProvider.java:232)
05-11 23:00:46.613  2413  2545 W Binder  : 	at com.android.server.location.LocationProviderProxy$1.run(LocationProviderProxy.java:119)
05-11 23:00:46.613  2413  2545 W Binder  : 	at android.os.Handler.handleCallback(Handler.java:789)
05-11 23:00:46.613  2413  2545 W Binder  : 	at android.os.Handler.dispatchMessage(Handler.java:98)
05-11 23:00:46.613  2413  2545 W Binder  : 	at android.os.Looper.loop(Looper.java:164)
05-11 23:00:46.613  2413  2545 W Binder  : 	at android.os.HandlerThread.run(HandlerThread.java:65)
05-11 23:00:46.643  2413  3876 W Binder  : Outgoing transactions from this process must be FLAG_ONEWAY
05-11 23:00:46.643  2413  3876 W Binder  : java.lang.Throwable
05-11 23:00:46.643  2413  3876 W Binder  : 	at android.os.BinderProxy.transact(Binder.java:736)
05-11 23:00:46.643  2413  3876 W Binder  : 	at com.android.internal.location.ILocationProvider$Stub$Proxy.enable(ILocationProvider.java:173)
05-11 23:00:46.643  2413  3876 W Binder  : 	at com.qualcomm.location.izatprovider.NpProxy.enable(NpProxy.java:70)
05-11 23:00:46.643  2413  3876 W Binder  : 	at com.qualcomm.location.izatprovider.NpProxy.handleMessage(NpProxy.java:268)
05-11 23:00:46.643  2413  3876 W Binder  : 	at android.os.Handler.dispatchMessage(Handler.java:101)
05-11 23:00:46.643  2413  3876 W Binder  : 	at android.os.Looper.loop(Looper.java:164)
05-11 23:00:46.643  2413  3876 W Binder  : 	at android.os.HandlerThread.run(HandlerThread.java:65)
05-11 23:00:46.670 25885 28858 I Icing   : Usage reports ok 0, Failed Usage reports 0, indexed 0, rejected 0, imm upload false
05-11 23:00:46.685 25885 28858 I Icing   : Usage reports ok 0, Failed Usage reports 0, indexed 0, rejected 0, imm upload false
05-11 23:00:46.756  2413  2433 I zygote  : Background concurrent copying GC freed 92931(4MB) AllocSpace objects, 9(180KB) LOS objects, 42% free, 25MB/44MB, paused 796us total 362.339ms
05-11 23:00:47.690 25885 28858 I Icing   : Indexing com.google.android.gms-apps from com.google.android.gms
05-11 23:00:47.698 25885 28858 I Icing   : Indexing done com.google.android.gms-apps
05-11 23:00:49.021  3395  3501 I QCNEJ   : |CORE| CNE received action RSSI/Link Changed events: android.net.wifi.RSSI_CHANGED
05-11 23:00:49.021  3395  3501 D QCNEJ   : |CORE| Updating RSSI: -68
05-11 23:00:49.032  5923  6087 I CarrierServices: [4460] cdd.a: FiST: Wifi connectivity status true
05-11 23:00:49.034  5923  6087 I CarrierServices: [4460] cdi.d: Connected state: [1], networkType: [WIFI]
05-11 23:00:49.050   550   550 I SFPerfTracer:      triggers: (rate: 2446:210745) (compose: 0:298) (post: 0:772) (render: 0:1087) (0:885462 frames) (1:964212)
05-11 23:00:49.051   550   550 D SFPerfTracer:        layers: (6:11) (StatusBar#0 (0xadb33000): 0:43367) (RoundedOverlay#0 (0xadb35000): 0:806) (RoundedOverlay#1 (0xadb39000): 0:906) (DimLayerController/Stack=0#0 (0xadaae000): 0:523)* (NavigationBar#0 (0xadb45000): 0:3635) (com.android.systemui.ImageWallpaper#0 (0xadb1d000): 0:55)* (animation background stackId=1#0 (0xadabb000): 0:12)* (com.motorola.launcher3/com.android.launcher3.CustomizationPanelLauncher#0 (0xadb26000): 0:113)- (Splash Screen com.iot#0 (0xada83000): 0:35)- (com.iot/com.iot.MainActivity#0 (0xadaa5000): 0:35) (InputMethod#0 (0xadb26000): 1:33) 
05-11 23:00:50.925  2413  3076 D WifiNative-wlan0: Scan issued for specific freq..
05-11 23:00:51.424  2413  3458 D WificondControl: Scan result ready event
05-11 23:00:51.437  2413  4865 D WifiPermissionsUtil: Denied: Profile not permitted
05-11 23:00:51.574  2413  7930 I ActivityManager: Killing 26934:com.motorola.moto/u0a45 (adj 906): empty #17
05-11 23:00:51.594  3960 28867 D SharedPreferencesImpl: Time required to fsync /data/user/0/com.google.android.gms/shared_prefs/com.google.android.gms.auth.authzen.cryptauth.DeviceStateSyncManager.xml: [<1: 14, <2: 27, <4: 12, <8: 20, <16: 12, <32: 2, <64: 5, <128: 1, <256: 0, <512: 1, <1024: 2, <2048: 0, <4096: 0, <8192: 0, <16384: 0, >=16384: 0]
05-11 23:00:51.594  3960 28867 I Authzen : [DeviceStateSyncManager] The server is in sync with current state. Nothing to do
05-11 23:00:54.137   550   817 I SFPerfTracer:      triggers: (rate: 0:0) (48487 sw vsyncs) (0 skipped) (0:1153775 vsyncs) (1:1368126)
05-11 23:00:54.147  2076  3391 V LocSvc_HIDL_IzatProvider: [onLocationChanged][67] [HS] =>>>> [HC]
05-11 23:00:54.147  2413  3124 V LocSvc_HIDL_IzatProvider_jni: [onLocationChanged][136] [HC] <<= [HS]
05-11 23:00:54.255  7107  7149 I PlayCommon: [4587] acij.d(23): Preparing logs for uploading
05-11 23:00:54.257  7107  7149 W PlayCommon: [4587] acij.a(1): No account for auth token provided
05-11 23:00:54.258  7107  7149 I PlayCommon: [4587] acij.d(125): Connecting to server: https://play.googleapis.com/play/log?format=raw&proto_v2=true
05-11 23:00:54.439  3165  3178 I zygote  : Background concurrent copying GC freed 80348(2MB) AllocSpace objects, 1(20KB) LOS objects, 50% free, 8MB/17MB, paused 1.787ms total 162.988ms
05-11 23:00:54.584  7107  7149 I PlayCommon: [4587] acij.d(173): Successfully uploaded logs.
05-11 23:00:55.754  2413  2545 I UsageStatsService: User[0] Flushing usage stats to disk
05-11 23:00:55.942  2413  2545 I UsageStatsService: User[10] Flushing usage stats to disk
05-11 23:01:00.001  2413  2413 I ActivityManager: Killing 14528:com.google.process.gapps/u0a27 (adj 906): empty #17
05-11 23:01:01.299  3612  8665 I Places  : Converted 3 out of 3 WiFi scans
05-11 23:01:01.301  3612  3612 I GeofencerStateMachine: sendNewTransitions called.
05-11 23:01:01.343  3612 28103 I GCoreUlr: Successfully inserted 1 locations
05-11 23:01:01.684  2413  4865 I ActivityManager: Killing 28262:com.google.android.apps.tachyon/u10a83 (adj 906): empty #17
05-11 23:01:01.699  2413  4871 D ConnectivityService: ConnectivityService NetworkRequestInfo binderDied(NetworkRequest [ LISTEN id=238, [ Capabilities: INTERNET&NOT_RESTRICTED&TRUSTED] ], android.os.BinderProxy@f0ad00e)
05-11 23:01:01.700  2413  3092 E ConnectivityService: RemoteException caught trying to send a callback msg for NetworkRequest [ LISTEN id=238, [ Capabilities: INTERNET&NOT_RESTRICTED&TRUSTED] ]
05-11 23:01:02.018 28813 28813 I System.out: IOT MISAEL: 192.168.1.72
05-11 23:01:02.019 28813 28813 W System.err: android.os.NetworkOnMainThreadException
05-11 23:01:02.030 28813 28813 W System.err: 	at android.os.StrictMode$AndroidBlockGuardPolicy.onNetwork(StrictMode.java:1457)
05-11 23:01:02.031 28813 28813 W System.err: 	at java.net.AbstractPlainSocketImpl.doConnect(AbstractPlainSocketImpl.java:364)
05-11 23:01:02.031 28813 28813 W System.err: 	at java.net.AbstractPlainSocketImpl.connectToAddress(AbstractPlainSocketImpl.java:209)
05-11 23:01:02.031 28813 28813 W System.err: 	at java.net.AbstractPlainSocketImpl.connect(AbstractPlainSocketImpl.java:191)
05-11 23:01:02.031 28813 28813 W System.err: 	at java.net.SocksSocketImpl.connect(SocksSocketImpl.java:356)
05-11 23:01:02.031 28813 28813 W System.err: 	at java.net.Socket.connect(Socket.java:616)
05-11 23:01:02.031 28813 28813 W System.err: 	at java.net.Socket.connect(Socket.java:565)
05-11 23:01:02.031 28813 28813 W System.err: 	at java.net.Socket.<init>(Socket.java:445)
05-11 23:01:02.031 28813 28813 W System.err: 	at java.net.Socket.<init>(Socket.java:217)
05-11 23:01:02.031 28813 28813 W System.err: 	at com.iot.IoTThread$1.onClick(IoTThread.java:34)
05-11 23:01:02.031 28813 28813 W System.err: 	at android.view.View.performClick(View.java:6259)
05-11 23:01:02.031 28813 28813 W System.err: 	at android.view.View$PerformClick.run(View.java:24732)
05-11 23:01:02.031 28813 28813 W System.err: 	at android.os.Handler.handleCallback(Handler.java:789)
05-11 23:01:02.031 28813 28813 W System.err: 	at android.os.Handler.dispatchMessage(Handler.java:98)
05-11 23:01:02.031 28813 28813 W System.err: 	at android.os.Looper.loop(Looper.java:164)
05-11 23:01:02.031 28813 28813 W System.err: 	at android.app.ActivityThread.main(ActivityThread.java:6694)
05-11 23:01:02.031 28813 28813 W System.err: 	at java.lang.reflect.Method.invoke(Native Method)
05-11 23:01:02.031 28813 28813 W System.err: 	at com.android.internal.os.Zygote$MethodAndArgsCaller.run(Zygote.java:240)
05-11 23:01:02.031 28813 28813 W System.err: 	at com.android.internal.os.ZygoteInit.main(ZygoteInit.java:769)
05-11 23:01:02.369  2413  2433 I zygote  : Background concurrent copying GC freed 223084(11MB) AllocSpace objects, 115(9MB) LOS objects, 42% free, 29MB/52MB, paused 702us total 282.476ms
05-11 23:01:02.442  3165  3178 I zygote  : Background concurrent copying GC freed 206158(6MB) AllocSpace objects, 32(1412KB) LOS objects, 50% free, 9MB/19MB, paused 665us total 160.989ms
05-11 23:01:02.938   550   550 I SFPerfTracer:      triggers: (rate: 2446:210750) (compose: 0:298) (post: 0:772) (render: 0:1087) (56:885533 frames) (57:964352)
05-11 23:01:02.939   550   550 D SFPerfTracer:        layers: (6:9) (StatusBar#0 (0xadb33000): 1:43380) (RoundedOverlay#0 (0xadb35000): 0:806) (RoundedOverlay#1 (0xadb39000): 0:906) (DimLayerController/Stack=0#0 (0xadaae000): 0:523)* (NavigationBar#0 (0xadb45000): 0:3635) (com.android.systemui.ImageWallpaper#0 (0xadb1d000): 0:55)* (animation background stackId=1#0 (0xadabb000): 0:12)* (com.iot/com.iot.MainActivity#0 (0xadaa5000): 57:121) (InputMethod#0 (0xadb26000): 0:50) 
05-11 23:01:03.061   501  1133 D NativeSensors: CapSensor:  mPendingEvent.distance=1.000000
05-11 23:01:03.404  2413  2433 I zygote  : Background concurrent copying GC freed 192512(10MB) AllocSpace objects, 199(18MB) LOS objects, 42% free, 24MB/43MB, paused 840us total 277.262ms
05-11 23:01:04.115  3395  3501 I QCNEJ   : |CORE| CNE received action RSSI/Link Changed events: android.net.wifi.RSSI_CHANGED
05-11 23:01:04.116  3395  3501 D QCNEJ   : |CORE| Updating RSSI: -78
05-11 23:01:04.126  5923  6087 I CarrierServices: [4460] cdd.a: FiST: Wifi connectivity status true
05-11 23:01:04.128  5923  6087 I CarrierServices: [4460] cdi.d: Connected state: [1], networkType: [WIFI]
05-11 23:01:06.425 28813 28813 I System.out: IOT MISAEL: 192.168.1.72
05-11 23:01:06.427 28813 28813 W System.err: android.os.NetworkOnMainThreadException
05-11 23:01:06.427 28813 28813 W System.err: 	at android.os.StrictMode$AndroidBlockGuardPolicy.onNetwork(StrictMode.java:1457)
05-11 23:01:06.427 28813 28813 W System.err: 	at java.net.AbstractPlainSocketImpl.doConnect(AbstractPlainSocketImpl.java:364)
05-11 23:01:06.427 28813 28813 W System.err: 	at java.net.AbstractPlainSocketImpl.connectToAddress(AbstractPlainSocketImpl.java:209)
05-11 23:01:06.427 28813 28813 W System.err: 	at java.net.AbstractPlainSocketImpl.connect(AbstractPlainSocketImpl.java:191)
05-11 23:01:06.427 28813 28813 W System.err: 	at java.net.SocksSocketImpl.connect(SocksSocketImpl.java:356)
05-11 23:01:06.427 28813 28813 W System.err: 	at java.net.Socket.connect(Socket.java:616)
05-11 23:01:06.427 28813 28813 W System.err: 	at java.net.Socket.connect(Socket.java:565)
05-11 23:01:06.427 28813 28813 W System.err: 	at java.net.Socket.<init>(Socket.java:445)
05-11 23:01:06.427 28813 28813 W System.err: 	at java.net.Socket.<init>(Socket.java:217)
05-11 23:01:06.427 28813 28813 W System.err: 	at com.iot.IoTThread$1.onClick(IoTThread.java:34)
05-11 23:01:06.427 28813 28813 W System.err: 	at android.view.View.performClick(View.java:6259)
05-11 23:01:06.427 28813 28813 W System.err: 	at android.view.View$PerformClick.run(View.java:24732)
05-11 23:01:06.428 28813 28813 W System.err: 	at android.os.Handler.handleCallback(Handler.java:789)
05-11 23:01:06.428 28813 28813 W System.err: 	at android.os.Handler.dispatchMessage(Handler.java:98)
05-11 23:01:06.428 28813 28813 W System.err: 	at android.os.Looper.loop(Looper.java:164)
05-11 23:01:06.428 28813 28813 W System.err: 	at android.app.ActivityThread.main(ActivityThread.java:6694)
05-11 23:01:06.428 28813 28813 W System.err: 	at java.lang.reflect.Method.invoke(Native Method)
05-11 23:01:06.428 28813 28813 W System.err: 	at com.android.internal.os.Zygote$MethodAndArgsCaller.run(Zygote.java:240)
05-11 23:01:06.428 28813 28813 W System.err: 	at com.android.internal.os.ZygoteInit.main(ZygoteInit.java:769)
05-11 23:01:06.961 28813 28813 I System.out: IOT MISAEL: 192.168.1.72
05-11 23:01:06.962 28813 28813 W System.err: android.os.NetworkOnMainThreadException
05-11 23:01:06.962 28813 28813 W System.err: 	at android.os.StrictMode$AndroidBlockGuardPolicy.onNetwork(StrictMode.java:1457)
05-11 23:01:06.962 28813 28813 W System.err: 	at java.net.AbstractPlainSocketImpl.doConnect(AbstractPlainSocketImpl.java:364)
05-11 23:01:06.962 28813 28813 W System.err: 	at java.net.AbstractPlainSocketImpl.connectToAddress(AbstractPlainSocketImpl.java:209)
05-11 23:01:06.962 28813 28813 W System.err: 	at java.net.AbstractPlainSocketImpl.connect(AbstractPlainSocketImpl.java:191)
05-11 23:01:06.962 28813 28813 W System.err: 	at java.net.SocksSocketImpl.connect(SocksSocketImpl.java:356)
05-11 23:01:06.962 28813 28813 W System.err: 	at java.net.Socket.connect(Socket.java:616)
05-11 23:01:06.962 28813 28813 W System.err: 	at java.net.Socket.connect(Socket.java:565)
05-11 23:01:06.962 28813 28813 W System.err: 	at java.net.Socket.<init>(Socket.java:445)
05-11 23:01:06.962 28813 28813 W System.err: 	at java.net.Socket.<init>(Socket.java:217)
05-11 23:01:06.962 28813 28813 W System.err: 	at com.iot.IoTThread$1.onClick(IoTThread.java:34)
05-11 23:01:06.962 28813 28813 W System.err: 	at android.view.View.performClick(View.java:6259)
05-11 23:01:06.962 28813 28813 W System.err: 	at android.view.View$PerformClick.run(View.java:24732)
05-11 23:01:06.962 28813 28813 W System.err: 	at android.os.Handler.handleCallback(Handler.java:789)
05-11 23:01:06.962 28813 28813 W System.err: 	at android.os.Handler.dispatchMessage(Handler.java:98)
05-11 23:01:06.962 28813 28813 W System.err: 	at android.os.Looper.loop(Looper.java:164)
05-11 23:01:06.962 28813 28813 W System.err: 	at android.app.ActivityThread.main(ActivityThread.java:6694)
05-11 23:01:06.962 28813 28813 W System.err: 	at java.lang.reflect.Method.invoke(Native Method)
05-11 23:01:06.962 28813 28813 W System.err: 	at com.android.internal.os.Zygote$MethodAndArgsCaller.run(Zygote.java:240)
05-11 23:01:06.963 28813 28813 W System.err: 	at com.android.internal.os.ZygoteInit.main(ZygoteInit.java:769)
05-11 23:01:07.137  3395  3501 I QCNEJ   : |CORE| CNE received action RSSI/Link Changed events: android.net.wifi.RSSI_CHANGED
05-11 23:01:07.137  3395  3501 D QCNEJ   : |CORE| Updating RSSI: -77
05-11 23:01:07.148  5923  6087 I CarrierServices: [4460] cdd.a: FiST: Wifi connectivity status true
05-11 23:01:07.149  5923  6087 I CarrierServices: [4460] cdi.d: Connected state: [1], networkType: [WIFI]
05-11 23:01:07.218 28813 28813 I System.out: IOT MISAEL: 192.168.1.72
05-11 23:01:07.219 28813 28813 W System.err: android.os.NetworkOnMainThreadException
05-11 23:01:07.219 28813 28813 W System.err: 	at android.os.StrictMode$AndroidBlockGuardPolicy.onNetwork(StrictMode.java:1457)
05-11 23:01:07.219 28813 28813 W System.err: 	at java.net.AbstractPlainSocketImpl.doConnect(AbstractPlainSocketImpl.java:364)
05-11 23:01:07.219 28813 28813 W System.err: 	at java.net.AbstractPlainSocketImpl.connectToAddress(AbstractPlainSocketImpl.java:209)
05-11 23:01:07.219 28813 28813 W System.err: 	at java.net.AbstractPlainSocketImpl.connect(AbstractPlainSocketImpl.java:191)
05-11 23:01:07.219 28813 28813 W System.err: 	at java.net.SocksSocketImpl.connect(SocksSocketImpl.java:356)
05-11 23:01:07.220 28813 28813 W System.err: 	at java.net.Socket.connect(Socket.java:616)
05-11 23:01:07.220 28813 28813 W System.err: 	at java.net.Socket.connect(Socket.java:565)
05-11 23:01:07.220 28813 28813 W System.err: 	at java.net.Socket.<init>(Socket.java:445)
05-11 23:01:07.220 28813 28813 W System.err: 	at java.net.Socket.<init>(Socket.java:217)
05-11 23:01:07.220 28813 28813 W System.err: 	at com.iot.IoTThread$1.onClick(IoTThread.java:34)
05-11 23:01:07.220 28813 28813 W System.err: 	at android.view.View.performClick(View.java:6259)
05-11 23:01:07.220 28813 28813 W System.err: 	at android.view.View$PerformClick.run(View.java:24732)
05-11 23:01:07.220 28813 28813 W System.err: 	at android.os.Handler.handleCallback(Handler.java:789)
05-11 23:01:07.220 28813 28813 W System.err: 	at android.os.Handler.dispatchMessage(Handler.java:98)
05-11 23:01:07.220 28813 28813 W System.err: 	at android.os.Looper.loop(Looper.java:164)
05-11 23:01:07.220 28813 28813 W System.err: 	at android.app.ActivityThread.main(ActivityThread.java:6694)
05-11 23:01:07.220 28813 28813 W System.err: 	at java.lang.reflect.Method.invoke(Native Method)
05-11 23:01:07.220 28813 28813 W System.err: 	at com.android.internal.os.Zygote$MethodAndArgsCaller.run(Zygote.java:240)
05-11 23:01:07.220 28813 28813 W System.err: 	at com.android.internal.os.ZygoteInit.main(ZygoteInit.java:769)
05-11 23:01:07.462 28813 28813 I System.out: IOT MISAEL: 192.168.1.72
05-11 23:01:07.463 28813 28813 W System.err: android.os.NetworkOnMainThreadException
05-11 23:01:07.463 28813 28813 W System.err: 	at android.os.StrictMode$AndroidBlockGuardPolicy.onNetwork(StrictMode.java:1457)
05-11 23:01:07.463 28813 28813 W System.err: 	at java.net.AbstractPlainSocketImpl.doConnect(AbstractPlainSocketImpl.java:364)
05-11 23:01:07.463 28813 28813 W System.err: 	at java.net.AbstractPlainSocketImpl.connectToAddress(AbstractPlainSocketImpl.java:209)
05-11 23:01:07.463 28813 28813 W System.err: 	at java.net.AbstractPlainSocketImpl.connect(AbstractPlainSocketImpl.java:191)
05-11 23:01:07.463 28813 28813 W System.err: 	at java.net.SocksSocketImpl.connect(SocksSocketImpl.java:356)
05-11 23:01:07.463 28813 28813 W System.err: 	at java.net.Socket.connect(Socket.java:616)
05-11 23:01:07.463 28813 28813 W System.err: 	at java.net.Socket.connect(Socket.java:565)
05-11 23:01:07.463 28813 28813 W System.err: 	at java.net.Socket.<init>(Socket.java:445)
05-11 23:01:07.464 28813 28813 W System.err: 	at java.net.Socket.<init>(Socket.java:217)
05-11 23:01:07.464 28813 28813 W System.err: 	at com.iot.IoTThread$1.onClick(IoTThread.java:34)
05-11 23:01:07.464 28813 28813 W System.err: 	at android.view.View.performClick(View.java:6259)
05-11 23:01:07.464 28813 28813 W System.err: 	at android.view.View$PerformClick.run(View.java:24732)
05-11 23:01:07.464 28813 28813 W System.err: 	at android.os.Handler.handleCallback(Handler.java:789)
05-11 23:01:07.464 28813 28813 W System.err: 	at android.os.Handler.dispatchMessage(Handler.java:98)
05-11 23:01:07.464 28813 28813 W System.err: 	at android.os.Looper.loop(Looper.java:164)
05-11 23:01:07.464 28813 28813 W System.err: 	at android.app.ActivityThread.main(ActivityThread.java:6694)
05-11 23:01:07.464 28813 28813 W System.err: 	at java.lang.reflect.Method.invoke(Native Method)
05-11 23:01:07.464 28813 28813 W System.err: 	at com.android.internal.os.Zygote$MethodAndArgsCaller.run(Zygote.java:240)
05-11 23:01:07.464 28813 28813 W System.err: 	at com.android.internal.os.ZygoteInit.main(ZygoteInit.java:769)
05-11 23:01:07.654 28813 28813 I System.out: IOT MISAEL: 192.168.1.72
05-11 23:01:07.654 28813 28813 W System.err: android.os.NetworkOnMainThreadException
05-11 23:01:07.655 28813 28813 W System.err: 	at android.os.StrictMode$AndroidBlockGuardPolicy.onNetwork(StrictMode.java:1457)
05-11 23:01:07.655 28813 28813 W System.err: 	at java.net.AbstractPlainSocketImpl.doConnect(AbstractPlainSocketImpl.java:364)
05-11 23:01:07.655 28813 28813 W System.err: 	at java.net.AbstractPlainSocketImpl.connectToAddress(AbstractPlainSocketImpl.java:209)
05-11 23:01:07.655 28813 28813 W System.err: 	at java.net.AbstractPlainSocketImpl.connect(AbstractPlainSocketImpl.java:191)
05-11 23:01:07.655 28813 28813 W System.err: 	at java.net.SocksSocketImpl.connect(SocksSocketImpl.java:356)
05-11 23:01:07.655 28813 28813 W System.err: 	at java.net.Socket.connect(Socket.java:616)
05-11 23:01:07.655 28813 28813 W System.err: 	at java.net.Socket.connect(Socket.java:565)
05-11 23:01:07.655 28813 28813 W System.err: 	at java.net.Socket.<init>(Socket.java:445)
05-11 23:01:07.655 28813 28813 W System.err: 	at java.net.Socket.<init>(Socket.java:217)
05-11 23:01:07.655 28813 28813 W System.err: 	at com.iot.IoTThread$1.onClick(IoTThread.java:34)
05-11 23:01:07.655 28813 28813 W System.err: 	at android.view.View.performClick(View.java:6259)
05-11 23:01:07.655 28813 28813 W System.err: 	at android.view.View$PerformClick.run(View.java:24732)
05-11 23:01:07.655 28813 28813 W System.err: 	at android.os.Handler.handleCallback(Handler.java:789)
05-11 23:01:07.655 28813 28813 W System.err: 	at android.os.Handler.dispatchMessage(Handler.java:98)
05-11 23:01:07.655 28813 28813 W System.err: 	at android.os.Looper.loop(Looper.java:164)
